Component: ARM Compiler 5.06 update 5 (build 528) Tool: armlink [4d35e2]

==============================================================================

Section Cross References

    system_stm32f10x.o(i.SetSysClock) refers to system_stm32f10x.o(i.SetSysClockTo72) for SetSysClockTo72
    system_stm32f10x.o(i.SystemCoreClockUpdate) refers to system_stm32f10x.o(.data) for SystemCoreClock
    system_stm32f10x.o(i.SystemInit) refers to system_stm32f10x.o(i.SetSysClock) for SetSysClock
    startup_stm32f10x_md.o(STACK) refers (Special) to heapauxi.o(.text) for __use_two_region_memory
    startup_stm32f10x_md.o(HEAP) refers (Special) to heapauxi.o(.text) for __use_two_region_memory
    startup_stm32f10x_md.o(RESET) refers (Special) to heapauxi.o(.text) for __use_two_region_memory
    startup_stm32f10x_md.o(RESET) refers to startup_stm32f10x_md.o(STACK) for __initial_sp
    startup_stm32f10x_md.o(RESET) refers to startup_stm32f10x_md.o(.text) for Reset_Handler
    startup_stm32f10x_md.o(RESET) refers to stm32f10x_it.o(i.NMI_Handler) for NMI_Handler
    startup_stm32f10x_md.o(RESET) refers to stm32f10x_it.o(i.HardFault_Handler) for HardFault_Handler
    startup_stm32f10x_md.o(RESET) refers to stm32f10x_it.o(i.MemManage_Handler) for MemManage_Handler
    startup_stm32f10x_md.o(RESET) refers to stm32f10x_it.o(i.BusFault_Handler) for BusFault_Handler
    startup_stm32f10x_md.o(RESET) refers to stm32f10x_it.o(i.UsageFault_Handler) for UsageFault_Handler
    startup_stm32f10x_md.o(RESET) refers to stm32f10x_it.o(i.SVC_Handler) for SVC_Handler
    startup_stm32f10x_md.o(RESET) refers to stm32f10x_it.o(i.DebugMon_Handler) for DebugMon_Handler
    startup_stm32f10x_md.o(RESET) refers to stm32f10x_it.o(i.PendSV_Handler) for PendSV_Handler
    startup_stm32f10x_md.o(RESET) refers to stm32f10x_it.o(i.SysTick_Handler) for SysTick_Handler
    startup_stm32f10x_md.o(RESET) refers to key.o(i.EXTI1_IRQHandler) for EXTI1_IRQHandler
    startup_stm32f10x_md.o(RESET) refers to adc+dma.o(i.DMA1_Channel1_IRQHandler) for DMA1_Channel1_IRQHandler
    startup_stm32f10x_md.o(RESET) refers to ic.o(i.TIM2_IRQHandler) for TIM2_IRQHandler
    startup_stm32f10x_md.o(.text) refers (Special) to heapauxi.o(.text) for __use_two_region_memory
    startup_stm32f10x_md.o(.text) refers to system_stm32f10x.o(i.SystemInit) for SystemInit
    startup_stm32f10x_md.o(.text) refers to __main.o(!!!main) for __main
    startup_stm32f10x_md.o(.text) refers to startup_stm32f10x_md.o(HEAP) for Heap_Mem
    startup_stm32f10x_md.o(.text) refers to startup_stm32f10x_md.o(STACK) for Stack_Mem
    main.o(i.OLED_ClearNumField) refers to oled.o(i.OLED_ShowChar) for OLED_ShowChar
    main.o(i.OLED_StaticUI) refers to oled.o(i.OLED_Clear) for OLED_Clear
    main.o(i.OLED_StaticUI) refers to oled.o(i.OLED_ShowString) for OLED_ShowString
    main.o(i.OLED_StaticUI) refers to oled.o(i.OLED_Update) for OLED_Update
    main.o(i.main) refers to _printf_percent.o(.ARM.Collect$$_printf_percent$$00000000) for _printf_percent
    main.o(i.main) refers to _printf_d.o(.ARM.Collect$$_printf_percent$$00000009) for _printf_d
    main.o(i.main) refers to _printf_dec.o(.text) for _printf_int_dec
    main.o(i.main) refers to _printf_u.o(.ARM.Collect$$_printf_percent$$0000000A) for _printf_u
    main.o(i.main) refers to system_stm32f10x.o(i.SystemInit) for SystemInit
    main.o(i.main) refers to dealy.o(i.delay_init) for delay_init
    main.o(i.main) refers to usart.o(i.USART1_Init) for USART1_Init
    main.o(i.main) refers to noretval__2printf.o(.text) for __2printf
    main.o(i.main) refers to oled.o(i.OLED_Init) for OLED_Init
    main.o(i.main) refers to adc+dma.o(i.ADC_DMA_Init) for ADC_DMA_Init
    main.o(i.main) refers to pwm.o(i.TIM3_Init) for TIM3_Init
    main.o(i.main) refers to ic.o(i.IC_TIM2_CH1_PA0_Init_1MHz) for IC_TIM2_CH1_PA0_Init_1MHz
    main.o(i.main) refers to main.o(i.OLED_StaticUI) for OLED_StaticUI
    main.o(i.main) refers to rt_memclr_w.o(.text) for __aeabi_memclr4
    main.o(i.main) refers to dealy.o(i.delay_ms) for delay_ms
    main.o(i.main) refers to rt_memcpy_v6.o(.text) for __aeabi_memcpy
    main.o(i.main) refers to adc+dma.o(i.ADC_CalcAvg) for ADC_CalcAvg
    main.o(i.main) refers to main.o(i.ADC_To_mV) for ADC_To_mV
    main.o(i.main) refers to ic.o(i.IC_TakeResult) for IC_TakeResult
    main.o(i.main) refers to rt_memcpy_w.o(.text) for __aeabi_memcpy4
    main.o(i.main) refers to main.o(i.OLED_ClearNumField) for OLED_ClearNumField
    main.o(i.main) refers to oled.o(i.OLED_ShowNum) for OLED_ShowNum
    main.o(i.main) refers to oled.o(i.OLED_DrawWave_Adc128) for OLED_DrawWave_Adc128
    main.o(i.main) refers to oled.o(i.OLED_Update) for OLED_Update
    main.o(i.main) refers to faddsub_clz.o(x$fpl$fadd) for __aeabi_fadd
    main.o(i.main) refers to ffixu.o(x$fpl$ffixu) for __aeabi_f2uiz
    main.o(i.main) refers to fmul.o(x$fpl$fmul) for __aeabi_fmul
    main.o(i.main) refers to adc+dma.o(.data) for adc_half_ready
[...]
    ../fplib/fflt.s                          0x00000000   Number         0  fflt_clz.o ABSOLUTE
    ../fplib/fmul.s                          0x00000000   Number         0  fmul.o ABSOLUTE
    ../fplib/fnaninf.s                       0x00000000   Number         0  fnaninf.o ABSOLUTE
    ../fplib/fpinit.s                        0x00000000   Number         0  fpinit.o ABSOLUTE
    ../fplib/fretinf.s                       0x00000000   Number         0  fretinf.o ABSOLUTE
    ../fplib/usenofp.s                       0x00000000   Number         0  usenofp.o ABSOLUTE
    CMSIS\\core_cm3.c                        0x00000000   Number         0  core_cm3.o ABSOLUTE
    CMSIS\core_cm3.c                         0x00000000   Number         0  core_cm3.o ABSOLUTE
    CMSIS\system_stm32f10x.c                 0x00000000   Number         0  system_stm32f10x.o ABSOLUTE
    Hardware\ADC+DMA.c                       0x00000000   Number         0  adc+dma.o ABSOLUTE
    Hardware\I2C.c                           0x00000000   Number         0  i2c.o ABSOLUTE
    Hardware\IC.c                            0x00000000   Number         0  ic.o ABSOLUTE
    Hardware\OLED.c                          0x00000000   Number         0  oled.o ABSOLUTE
    Hardware\PWM.c                           0x00000000   Number         0  pwm.o ABSOLUTE
    Hardware\key.c                           0x00000000   Number         0  key.o ABSOLUTE
    Library\src\misc.c                       0x00000000   Number         0  misc.o ABSOLUTE
    Library\src\stm32f10x_adc.c              0x00000000   Number         0  stm32f10x_adc.o ABSOLUTE
    Library\src\stm32f10x_bkp.c              0x00000000   Number         0  stm32f10x_bkp.o ABSOLUTE
    Library\src\stm32f10x_can.c              0x00000000   Number         0  stm32f10x_can.o ABSOLUTE
    Library\src\stm32f10x_cec.c              0x00000000   Number         0  stm32f10x_cec.o ABSOLUTE
    Library\src\stm32f10x_crc.c              0x00000000   Number         0  stm32f10x_crc.o ABSOLUTE
    Library\src\stm32f10x_dac.c              0x00000000   Number         0  stm32f10x_dac.o ABSOLUTE
    Library\src\stm32f10x_dbgmcu.c           0x00000000   Number         0  stm32f10x_dbgmcu.o ABSOLUTE
    Library\src\stm32f10x_dma.c              0x00000000   Number         0  stm32f10x_dma.o ABSOLUTE
    Library\src\stm32f10x_exti.c             0x00000000   Number         0  stm32f10x_exti.o ABSOLUTE
    Library\src\stm32f10x_flash.c            0x00000000   Number         0  stm32f10x_flash.o ABSOLUTE
    Library\src\stm32f10x_fsmc.c             0x00000000   Number         0  stm32f10x_fsmc.o ABSOLUTE
    Library\src\stm32f10x_gpio.c             0x00000000   Number         0  stm32f10x_gpio.o ABSOLUTE
    Library\src\stm32f10x_i2c.c              0x00000000   Number         0  stm32f10x_i2c.o ABSOLUTE
    Library\src\stm32f10x_iwdg.c             0x00000000   Number         0  stm32f10x_iwdg.o ABSOLUTE
    Library\src\stm32f10x_pwr.c              0x00000000   Number         0  stm32f10x_pwr.o ABSOLUTE
    Library\src\stm32f10x_rcc.c              0x00000000   Number         0  stm32f10x_rcc.o ABSOLUTE
    Library\src\stm32f10x_rtc.c              0x00000000   Number         0  stm32f10x_rtc.o ABSOLUTE
    Library\src\stm32f10x_sdio.c             0x00000000   Number         0  stm32f10x_sdio.o ABSOLUTE
    Library\src\stm32f10x_spi.c              0x00000000   Number         0  stm32f10x_spi.o ABSOLUTE
    Library\src\stm32f10x_tim.c              0x00000000   Number         0  stm32f10x_tim.o ABSOLUTE
    Library\src\stm32f10x_usart.c            0x00000000   Number         0  stm32f10x_usart.o ABSOLUTE
    Library\src\stm32f10x_wwdg.c             0x00000000   Number         0  stm32f10x_wwdg.o ABSOLUTE
    Start\startup_stm32f10x_md.s             0x00000000   Number         0  startup_stm32f10x_md.o ABSOLUTE
    System\USART.c                           0x00000000   Number         0  usart.o ABSOLUTE
    System\dealy.c                           0x00000000   Number         0  dealy.o ABSOLUTE
    User\main.c                              0x00000000   Number         0  main.o ABSOLUTE
    User\stm32f10x_it.c                      0x00000000   Number         0  stm32f10x_it.o ABSOLUTE
    dc.s                                     0x00000000   Number         0  dc.o ABSOLUTE
    RESET                                    0x08000000   Section      236  startup_stm32f10x_md.o(RESET)
    !!!main                                  0x080000ec   Section        8  __main.o(!!!main)
    !!!scatter                               0x080000f4   Section       52  __scatter.o(!!!scatter)
    !!handler_copy                           0x08000128   Section       26  __scatter_copy.o(!!handler_copy)
    !!handler_zi                             0x08000144   Section       28  __scatter_zi.o(!!handler_zi)
    .ARM.Collect$$_printf_percent$$00000000  0x08000160   Section        0  _printf_percent.o(.ARM.Collect$$_printf_percent$$00000000)
    .ARM.Collect$$_printf_percent$$00000009  0x08000160   Section        6  _printf_d.o(.ARM.Collect$$_printf_percent$$00000009)
    .ARM.Collect$$_printf_percent$$0000000A  0x08000166   Section        6  _printf_u.o(.ARM.Collect$$_printf_percent$$0000000A)
    .ARM.Collect$$_printf_percent$$0000000C  0x0800016c   Section        6  _printf_x.o(.ARM.Collect$$_printf_percent$$0000000C)
    .ARM.Collect$$_printf_percent$$00000017  0x08000172   Section        4  _printf_percent_end.o(.ARM.Collect$$_printf_percent$$00000017)
    .ARM.Collect$$libinit$$00000000          0x08000176   Section        2  libinit.o(.ARM.Collect$$libinit$$00000000)
    .ARM.Collect$$libinit$$00000002          0x08000178   Section        0  libinit2.o(.ARM.Collect$$libinit$$00000002)
    .ARM.Collect$$libinit$$00000004          0x08000178   Section        0  libinit2.o(.ARM.Collect$$libinit$$00000004)
    .ARM.Collect$$libinit$$0000000A          0x08000178   Section        0  libinit2.o(.ARM.Collect$$libinit$$0000000A)
    .ARM.Collect$$libinit$$0000000C          0x08000178   Section        0  libinit2.o(.ARM.Collect$$libinit$$0000000C)
    .ARM.Collect$$libinit$$0000000E          0x08000178   Section        0  libinit2.o(.ARM.Collect$$libinit$$0000000E)
    .ARM.Collect$$libinit$$00000011          0x08000178   Section        0  libinit2.o(.ARM.Collect$$libinit$$00000011)
    .ARM.Collect$$libinit$$00000013          0x08000178   Section        0  libinit2.o(.ARM.Collect$$libinit$$00000013)
    .ARM.Collect$$libinit$$00000015          0x08000178   Section        0  libinit2.o(.ARM.Collect$$libinit$$00000015)
    .ARM.Collect$$libinit$$00000017          0x08000178   Section        0  libinit2.o(.ARM.Collect$$libinit$$00000017)
    .ARM.Collect$$libinit$$00000019          0x08000178   Section        0  libinit2.o(.ARM.Collect$$libinit$$00000019)
    .ARM.Collect$$libinit$$0000001B          0x08000178   Section        0  libinit2.o(.ARM.Collect$$libinit$$0000001B)
    .ARM.Collect$$libinit$$0000001D          0x08000178   Section        0  libinit2.o(.ARM.Collect$$libinit$$0000001D)
    .ARM.Collect$$libinit$$0000001F          0x08000178   Section        0  libinit2.o(.ARM.Collect$$libinit$$0000001F)
    .ARM.Collect$$libinit$$00000021          0x08000178   Section        0  libinit2.o(.ARM.Collect$$libinit$$00000021)
    .ARM.Collect$$libinit$$00000023          0x08000178   Section        0  libinit2.o(.ARM.Collect$$libinit$$00000023)
    .ARM.Collect$$libinit$$00000025          0x08000178   Section        0  libinit2.o(.ARM.Collect$$libinit$$00000025)
    .ARM.Collect$$libinit$$0000002C          0x08000178   Section        0  libinit2.o(.ARM.Collect$$libinit$$0000002C)
    .ARM.Collect$$libinit$$0000002E          0x08000178   Section        0  libinit2.o(.ARM.Collect$$libinit$$0000002E)
    .ARM.Collect$$libinit$$00000030          0x08000178   Section        0  libinit2.o(.ARM.Collect$$libinit$$00000030)
    .ARM.Collect$$libinit$$00000032          0x08000178   Section        0  libinit2.o(.ARM.Collect$$libinit$$00000032)
    .ARM.Collect$$libinit$$00000033          0x08000178   Section        2  libinit2.o(.ARM.Collect$$libinit$$00000033)
    .ARM.Collect$$libshutdown$$00000000      0x0800017a   Section        2  libshutdown.o(.ARM.Collect$$libshutdown$$00000000)
    .ARM.Collect$$libshutdown$$00000002      0x0800017c   Section        0  libshutdown2.o(.ARM.Collect$$libshutdown$$00000002)
    .ARM.Collect$$libshutdown$$00000004      0x0800017c   Section        0  libshutdown2.o(.ARM.Collect$$libshutdown$$00000004)
    .ARM.Collect$$libshutdown$$00000007      0x0800017c   Section        0  libshutdown2.o(.ARM.Collect$$libshutdown$$00000007)
    .ARM.Collect$$libshutdown$$0000000A      0x0800017c   Section        0  libshutdown2.o(.ARM.Collect$$libshutdown$$0000000A)
    .ARM.Collect$$libshutdown$$0000000C      0x0800017c   Section        0  libshutdown2.o(.ARM.Collect$$libshutdown$$0000000C)
    .ARM.Collect$$libshutdown$$0000000F      0x0800017c   Section        0  libshutdown2.o(.ARM.Collect$$libshutdown$$0000000F)
    .ARM.Collect$$libshutdown$$00000010      0x0800017c   Section        2  libshutdown2.o(.ARM.Collect$$libshutdown$$00000010)
    .ARM.Collect$$rtentry$$00000000          0x0800017e   Section        0  __rtentry.o(.ARM.Collect$$rtentry$$00000000)
    .ARM.Collect$$rtentry$$00000002          0x0800017e   Section        0  __rtentry2.o(.ARM.Collect$$rtentry$$00000002)
    .ARM.Collect$$rtentry$$00000004          0x0800017e   Section        6  __rtentry4.o(.ARM.Collect$$rtentry$$00000004)
    .ARM.Collect$$rtentry$$00000009          0x08000184   Section        0  __rtentry2.o(.ARM.Collect$$rtentry$$00000009)
    .ARM.Collect$$rtentry$$0000000A          0x08000184   Section        4  __rtentry2.o(.ARM.Collect$$rtentry$$0000000A)
    .ARM.Collect$$rtentry$$0000000C          0x08000188   Section        0  __rtentry2.o(.ARM.Collect$$rtentry$$0000000C)
    .ARM.Collect$$rtentry$$0000000D          0x08000188   Section        8  __rtentry2.o(.ARM.Collect$$rtentry$$0000000D)
    .ARM.Collect$$rtexit$$00000000           0x08000190   Section        2  rtexit.o(.ARM.Collect$$rtexit$$00000000)
    .ARM.Collect$$rtexit$$00000002           0x08000192   Section        0  rtexit2.o(.ARM.Collect$$rtexit$$00000002)
    .ARM.Collect$$rtexit$$00000003           0x08000192   Section        4  rtexit2.o(.ARM.Collect$$rtexit$$00000003)
    .ARM.Collect$$rtexit$$00000004           0x08000196   Section        6  rtexit2.o(.ARM.Collect$$rtexit$$00000004)
    .text                                    0x0800019c   Section       64  startup_stm32f10x_md.o(.text)
    .text                                    0x080001dc   Section        2  use_no_semi_2.o(.text)
    .text                                    0x080001e0   Section        0  noretval__2printf.o(.text)
    .text                                    0x080001f8   Section        0  noretval__2sprintf.o(.text)
    .text                                    0x08000220   Section        0  _printf_pad.o(.text)
    .text                                    0x08000270   Section        0  _printf_dec.o(.text)
    .text                                    0x080002e8   Section        0  _printf_hex_int.o(.text)
    .text                                    0x08000340   Section        0  __printf_flags_ss_wp.o(.text)
    .text                                    0x080004c8   Section      138  rt_memcpy_v6.o(.text)
    .text                                    0x08000552   Section      100  rt_memcpy_w.o(.text)
    .text                                    0x080005b6   Section       68  rt_memclr.o(.text)
    .text                                    0x080005fa   Section       78  rt_memclr_w.o(.text)
    .text                                    0x08000648   Section        0  heapauxi.o(.text)
    .text                                    0x0800064e   Section        2  use_no_semi.o(.text)
    .text                                    0x08000650   Section        0  _printf_intcommon.o(.text)
    .text                                    0x08000704   Section        0  _printf_char_common.o(.text)
    _printf_input_char                       0x08000705   Thumb Code    10  _printf_char_common.o(.text)
    .text                                    0x08000734   Section        0  _sputc.o(.text)
    .text                                    0x08000740   Section        0  _printf_char_file.o(.text)
    .text                                    0x08000764   Section        0  ferror.o(.text)
    .text                                    0x0800076c   Section       74  sys_stackheap_outer.o(.text)
    .text                                    0x080007b6   Section        0  exit.o(.text)
    .text                                    0x080007c8   Section        8  libspace.o(.text)
    i.ADC1_Config_Channel1_PA1               0x080007d0   Section        0  adc+dma.o(i.ADC1_Config_Channel1_PA1)
    ADC1_Config_Channel1_PA1                 0x080007d1   Thumb Code   158  adc+dma.o(i.ADC1_Config_Channel1_PA1)
    i.ADC_CalcAvg                            0x08000878   Section        0  adc+dma.o(i.ADC_CalcAvg)
    i.ADC_Cmd                                0x08000896   Section        0  stm32f10x_adc.o(i.ADC_Cmd)
    i.ADC_DMACmd                             0x080008ac   Section        0  stm32f10x_adc.o(i.ADC_DMACmd)
    i.ADC_DMA_Init                           0x080008c4   Section        0  adc+dma.o(i.ADC_DMA_Init)
    i.ADC_DeInit                             0x080008e4   Section        0  stm32f10x_adc.o(i.ADC_DeInit)
    i.ADC_GetCalibrationStatus               0x08000940   Section        0  stm32f10x_adc.o(i.ADC_GetCalibrationStatus)
    i.ADC_GetResetCalibrationStatus          0x08000954   Section        0  stm32f10x_adc.o(i.ADC_GetResetCalibrationStatus)
    i.ADC_Init                               0x08000968   Section        0  stm32f10x_adc.o(i.ADC_Init)
    i.ADC_RegularChannelConfig               0x080009b8   Section        0  stm32f10x_adc.o(i.ADC_RegularChannelConfig)
    i.ADC_ResetCalibration                   0x08000a70   Section        0  stm32f10x_adc.o(i.ADC_ResetCalibration)
    i.ADC_SoftwareStartConvCmd               0x08000a7a   Section        0  stm32f10x_adc.o(i.ADC_SoftwareStartConvCmd)
    i.ADC_StartCalibration                   0x08000a90   Section        0  stm32f10x_adc.o(i.ADC_StartCalibration)
    i.ADC_To_mV                              0x08000a9a   Section        0  main.o(i.ADC_To_mV)
    ADC_To_mV                                0x08000a9b   Thumb Code    26  main.o(i.ADC_To_mV)
    i.BusFault_Handler                       0x08000ab4   Section        0  stm32f10x_it.o(i.BusFault_Handler)
    i.DMA1_Channel1_IRQHandler               0x08000ab8   Section        0  adc+dma.o(i.DMA1_Channel1_IRQHandler)
    i.DMA_ADC_Init                           0x08000aec   Section        0  adc+dma.o(i.DMA_ADC_Init)
    DMA_ADC_Init                             0x08000aed   Thumb Code   120  adc+dma.o(i.DMA_ADC_Init)
    i.DMA_ClearITPendingBit                  0x08000b70   Section        0  stm32f10x_dma.o(i.DMA_ClearITPendingBit)
    i.DMA_Cmd                                0x08000b8c   Section        0  stm32f10x_dma.o(i.DMA_Cmd)
    i.DMA_DeInit                             0x08000ba4   Section        0  stm32f10x_dma.o(i.DMA_DeInit)
    i.DMA_GetITStatus                        0x08000cf0   Section        0  stm32f10x_dma.o(i.DMA_GetITStatus)
    i.DMA_ITConfig                           0x08000d1c   Section        0  stm32f10x_dma.o(i.DMA_ITConfig)
    i.DMA_Init                               0x08000d2e   Section        0  stm32f10x_dma.o(i.DMA_Init)
    i.DebugMon_Handler                       0x08000d6a   Section        0  stm32f10x_it.o(i.DebugMon_Handler)
    i.EXTI1_IRQHandler                       0x08000d6c   Section        0  key.o(i.EXTI1_IRQHandler)
    i.EXTI_ClearITPendingBit                 0x08000d80   Section        0  stm32f10x_exti.o(i.EXTI_ClearITPendingBit)
    i.EXTI_GetITStatus                       0x08000d8c   Section        0  stm32f10x_exti.o(i.EXTI_GetITStatus)
    i.GPIO_Init                              0x08000db4   Section        0  stm32f10x_gpio.o(i.GPIO_Init)
    i.HardFault_Handler                      0x08000eca   Section        0  stm32f10x_it.o(i.HardFault_Handler)
    i.I2C1_CheckAddr                         0x08000ed0   Section        0  i2c.o(i.I2C1_CheckAddr)
    i.I2C1_Init                              0x08000fcc   Section        0  i2c.o(i.I2C1_Init)
    i.I2C_CheckEvent                         0x08001058   Section        0  stm32f10x_i2c.o(i.I2C_CheckEvent)
    i.I2C_Cmd                                0x08001082   Section        0  stm32f10x_i2c.o(i.I2C_Cmd)
    i.I2C_DeInit                             0x0800109c   Section        0  stm32f10x_i2c.o(i.I2C_DeInit)
    i.I2C_GenerateSTART                      0x080010d4   Section        0  stm32f10x_i2c.o(i.I2C_GenerateSTART)
    i.I2C_GenerateSTOP                       0x080010ec   Section        0  stm32f10x_i2c.o(i.I2C_GenerateSTOP)
    i.I2C_Init                               0x08001104   Section        0  stm32f10x_i2c.o(i.I2C_Init)
    i.I2C_Send7bitAddress                    0x080011f0   Section        0  stm32f10x_i2c.o(i.I2C_Send7bitAddress)
    i.I2C_SendData                           0x08001202   Section        0  stm32f10x_i2c.o(i.I2C_SendData)
    i.I2C_SoftwareResetCmd                   0x08001206   Section        0  stm32f10x_i2c.o(i.I2C_SoftwareResetCmd)
    i.I2C_StartAndAddr                       0x0800121c   Section        0  oled.o(i.I2C_StartAndAddr)
    I2C_StartAndAddr                         0x0800121d   Thumb Code   134  oled.o(i.I2C_StartAndAddr)
    i.I2C_WaitBTF                            0x080012a8   Section        0  oled.o(i.I2C_WaitBTF)
    I2C_WaitBTF                              0x080012a9   Thumb Code    16  oled.o(i.I2C_WaitBTF)
    i.I2C_WaitFlagSet                        0x080012bc   Section        0  oled.o(i.I2C_WaitFlagSet)
    I2C_WaitFlagSet                          0x080012bd   Thumb Code    28  oled.o(i.I2C_WaitFlagSet)
    i.I2C_WaitNotBusy                        0x080012d8   Section        0  oled.o(i.I2C_WaitNotBusy)
    I2C_WaitNotBusy                          0x080012d9   Thumb Code    30  oled.o(i.I2C_WaitNotBusy)
    i.I2C_Write1                             0x080012fc   Section        0  oled.o(i.I2C_Write1)
    I2C_Write1                               0x080012fd   Thumb Code    36  oled.o(i.I2C_Write1)
    i.I2C_WriteBlock                         0x08001324   Section        0  oled.o(i.I2C_WriteBlock)
    I2C_WriteBlock                           0x08001325   Thumb Code   128  oled.o(i.I2C_WriteBlock)
    i.IC_TIM2_CH1_PA0_Init_1MHz              0x080013ac   Section        0  ic.o(i.IC_TIM2_CH1_PA0_Init_1MHz)
    i.IC_TakeResult                          0x08001450   Section        0  ic.o(i.IC_TakeResult)
    i.MemManage_Handler                      0x08001488   Section        0  stm32f10x_it.o(i.MemManage_Handler)
    i.NMI_Handler                            0x0800148c   Section        0  stm32f10x_it.o(i.NMI_Handler)
    i.NVIC_Init                              0x08001490   Section        0  misc.o(i.NVIC_Init)
    i.OLED_Clear                             0x08001500   Section        0  oled.o(i.OLED_Clear)
    i.OLED_ClearNumField                     0x08001514   Section        0  main.o(i.OLED_ClearNumField)
    OLED_ClearNumField                       0x08001515   Thumb Code    44  main.o(i.OLED_ClearNumField)
    i.OLED_DrawPoint                         0x08001540   Section        0  oled.o(i.OLED_DrawPoint)
    i.OLED_DrawWave_Adc128                   0x08001594   Section        0  oled.o(i.OLED_DrawWave_Adc128)
    i.OLED_Init                              0x0800166c   Section        0  oled.o(i.OLED_Init)
    i.OLED_MapAdcToY                         0x08001788   Section        0  oled.o(i.OLED_MapAdcToY)
    i.OLED_SetPos                            0x080017ae   Section        0  oled.o(i.OLED_SetPos)
    OLED_SetPos                              0x080017af   Thumb Code    38  oled.o(i.OLED_SetPos)
    i.OLED_ShowChar                          0x080017d4   Section        0  oled.o(i.OLED_ShowChar)
    i.OLED_ShowNum                           0x0800182c   Section        0  oled.o(i.OLED_ShowNum)
    i.OLED_ShowString                        0x08001850   Section        0  oled.o(i.OLED_ShowString)
    i.OLED_StaticUI                          0x08001884   Section        0  main.o(i.OLED_StaticUI)
    OLED_StaticUI                            0x08001885   Thumb Code    52  main.o(i.OLED_StaticUI)
    i.OLED_Update                            0x080018d4   Section        0  oled.o(i.OLED_Update)
    i.OLED_WriteCmd                          0x080018fc   Section        0  oled.o(i.OLED_WriteCmd)
    OLED_WriteCmd                            0x080018fd   Thumb Code    18  oled.o(i.OLED_WriteCmd)
    i.OLED_WriteData                         0x08001914   Section        0  oled.o(i.OLED_WriteData)
    OLED_WriteData                           0x08001915   Thumb Code    22  oled.o(i.OLED_WriteData)
    i.PendSV_Handler                         0x08001930   Section        0  stm32f10x_it.o(i.PendSV_Handler)
    i.RCC_ADCCLKConfig                       0x08001934   Section        0  stm32f10x_rcc.o(i.RCC_ADCCLKConfig)
    i.RCC_AHBPeriphClockCmd                  0x0800194c   Section        0  stm32f10x_rcc.o(i.RCC_AHBPeriphClockCmd)
    i.RCC_APB1PeriphClockCmd                 0x0800196c   Section        0  stm32f10x_rcc.o(i.RCC_APB1PeriphClockCmd)
    i.RCC_APB1PeriphResetCmd                 0x0800198c   Section        0  stm32f10x_rcc.o(i.RCC_APB1PeriphResetCmd)
    i.RCC_APB2PeriphClockCmd                 0x080019ac   Section        0  stm32f10x_rcc.o(i.RCC_APB2PeriphClockCmd)
    i.RCC_APB2PeriphResetCmd                 0x080019cc   Section        0  stm32f10x_rcc.o(i.RCC_APB2PeriphResetCmd)
    i.RCC_GetClocksFreq                      0x080019ec   Section        0  stm32f10x_rcc.o(i.RCC_GetClocksFreq)
    i.SVC_Handler                            0x08001ac0   Section        0  stm32f10x_it.o(i.SVC_Handler)
    i.SetSysClock                            0x08001ac2   Section        0  system_stm32f10x.o(i.SetSysClock)
    SetSysClock                              0x08001ac3   Thumb Code     8  system_stm32f10x.o(i.SetSysClock)
    i.SetSysClockTo72                        0x08001acc   Section        0  system_stm32f10x.o(i.SetSysClockTo72)
    SetSysClockTo72                          0x08001acd   Thumb Code   214  system_stm32f10x.o(i.SetSysClockTo72)
    i.SysTick_Handler                        0x08001bac   Section        0  stm32f10x_it.o(i.SysTick_Handler)
    i.SystemInit                             0x08001bb0   Section        0  system_stm32f10x.o(i.SystemInit)
    i.TI1_Config                             0x08001c10   Section        0  stm32f10x_tim.o(i.TI1_Config)
    TI1_Config                               0x08001c11   Thumb Code   108  stm32f10x_tim.o(i.TI1_Config)
    i.TI2_Config                             0x08001c90   Section        0  stm32f10x_tim.o(i.TI2_Config)
    TI2_Config                               0x08001c91   Thumb Code   130  stm32f10x_tim.o(i.TI2_Config)
    i.TI3_Config                             0x08001d28   Section        0  stm32f10x_tim.o(i.TI3_Config)
    TI3_Config                               0x08001d29   Thumb Code   122  stm32f10x_tim.o(i.TI3_Config)
    i.TI4_Config                             0x08001db8   Section        0  stm32f10x_tim.o(i.TI4_Config)
    TI4_Config                               0x08001db9   Thumb Code   130  stm32f10x_tim.o(i.TI4_Config)
    i.TIM2_IRQHandler                        0x08001e50   Section        0  ic.o(i.TIM2_IRQHandler)
    i.TIM3_Init                              0x08001f38   Section        0  pwm.o(i.TIM3_Init)
    i.TIM_ARRPreloadConfig                   0x08001fd0   Section        0  stm32f10x_tim.o(i.TIM_ARRPreloadConfig)
    i.TIM_ClearITPendingBit                  0x08001fe8   Section        0  stm32f10x_tim.o(i.TIM_ClearITPendingBit)
    i.TIM_Cmd                                0x08001fee   Section        0  stm32f10x_tim.o(i.TIM_Cmd)
    i.TIM_GetCapture1                        0x08002006   Section        0  stm32f10x_tim.o(i.TIM_GetCapture1)
    i.TIM_GetITStatus                        0x0800200c   Section        0  stm32f10x_tim.o(i.TIM_GetITStatus)
    i.TIM_ICInit                             0x08002030   Section        0  stm32f10x_tim.o(i.TIM_ICInit)
    i.TIM_ITConfig                           0x080020dc   Section        0  stm32f10x_tim.o(i.TIM_ITConfig)
    i.TIM_OC1Init                            0x080020f0   Section        0  stm32f10x_tim.o(i.TIM_OC1Init)
    i.TIM_OC1PolarityConfig                  0x08002188   Section        0  stm32f10x_tim.o(i.TIM_OC1PolarityConfig)
    i.TIM_OC1PreloadConfig                   0x0800219a   Section        0  stm32f10x_tim.o(i.TIM_OC1PreloadConfig)
    i.TIM_SetIC1Prescaler                    0x080021ac   Section        0  stm32f10x_tim.o(i.TIM_SetIC1Prescaler)
    i.TIM_SetIC2Prescaler                    0x080021be   Section        0  stm32f10x_tim.o(i.TIM_SetIC2Prescaler)
    i.TIM_SetIC3Prescaler                    0x080021d8   Section        0  stm32f10x_tim.o(i.TIM_SetIC3Prescaler)
    i.TIM_SetIC4Prescaler                    0x080021ea   Section        0  stm32f10x_tim.o(i.TIM_SetIC4Prescaler)
    i.TIM_TimeBaseInit                       0x08002204   Section        0  stm32f10x_tim.o(i.TIM_TimeBaseInit)
    i.USART1_GPIO_Config                     0x080022a8   Section        0  usart.o(i.USART1_GPIO_Config)
    USART1_GPIO_Config                       0x080022a9   Thumb Code    70  usart.o(i.USART1_GPIO_Config)
    i.USART1_Init                            0x080022f4   Section        0  usart.o(i.USART1_Init)
    i.USART_Cmd                              0x0800232c   Section        0  stm32f10x_usart.o(i.USART_Cmd)
    i.USART_GetFlagStatus                    0x08002344   Section        0  stm32f10x_usart.o(i.USART_GetFlagStatus)
    i.USART_Init                             0x08002360   Section        0  stm32f10x_usart.o(i.USART_Init)
    i.USART_SendData                         0x08002438   Section        0  stm32f10x_usart.o(i.USART_SendData)
    i.UsageFault_Handler                     0x08002440   Section        0  stm32f10x_it.o(i.UsageFault_Handler)
    i._is_digit                              0x08002444   Section        0  __printf_wp.o(i._is_digit)
    i._sys_exit                              0x08002452   Section        0  usart.o(i._sys_exit)
    i.delay_init                             0x08002458   Section        0  dealy.o(i.delay_init)
    i.delay_ms                               0x080024a8   Section        0  dealy.o(i.delay_ms)
    i.diff16                                 0x08002514   Section        0  ic.o(i.diff16)
    diff16                                   0x08002515   Thumb Code     8  ic.o(i.diff16)
    i.fputc                                  0x0800251c   Section        0  usart.o(i.fputc)
    i.main                                   0x08002540   Section        0  main.o(i.main)
    x$fpl$fadd                               0x080027b0   Section      196  faddsub_clz.o(x$fpl$fadd)
    _fadd1                                   0x080027bf   Thumb Code     0  faddsub_clz.o(x$fpl$fadd)
    x$fpl$fdiv                               0x08002874   Section      388  fdiv.o(x$fpl$fdiv)
    _fdiv1                                   0x08002875   Thumb Code     0  fdiv.o(x$fpl$fdiv)
    x$fpl$ffixu                              0x080029f8   Section       62  ffixu.o(x$fpl$ffixu)
    x$fpl$ffltu                              0x08002a38   Section       38  fflt_clz.o(x$fpl$ffltu)
    x$fpl$fmul                               0x08002a60   Section      258  fmul.o(x$fpl$fmul)
    x$fpl$fnaninf                            0x08002b62   Section      140  fnaninf.o(x$fpl$fnaninf)
    x$fpl$fretinf                            0x08002bee   Section       10  fretinf.o(x$fpl$fretinf)
    x$fpl$fsub                               0x08002bf8   Section      234  faddsub_clz.o(x$fpl$fsub)
    _fsub1                                   0x08002c07   Thumb Code     0  faddsub_clz.o(x$fpl$fsub)
    .constdata                               0x08002ce2   Section      576  oled.o(.constdata)
    x$fpl$usenofp                            0x08002ce2   Section        0  usenofp.o(x$fpl$usenofp)
    Font6x8                                  0x08002ce2   Data         576  oled.o(.constdata)
    .constdata                               0x08002f22   Section       40  _printf_hex_int.o(.constdata)
    uc_hextab                                0x08002f22   Data          20  _printf_hex_int.o(.constdata)
    lc_hextab                                0x08002f36   Data          20  _printf_hex_int.o(.constdata)
    .constdata                               0x08002f4a   Section       17  __printf_flags_ss_wp.o(.constdata)
    maptable                                 0x08002f4a   Data          17  __printf_flags_ss_wp.o(.constdata)
    .data                                    0x20000000   Section       20  system_stm32f10x.o(.data)
    .data                                    0x20000014   Section       20  stm32f10x_rcc.o(.data)
    APBAHBPrescTable                         0x20000014   Data          16  stm32f10x_rcc.o(.data)
    ADCPrescTable                            0x20000024   Data           4  stm32f10x_rcc.o(.data)
    .data                                    0x20000028   Section        8  dealy.o(.data)
    fac_us                                   0x20000028   Data           4  dealy.o(.data)
    fac_ms                                   0x2000002c   Data           4  dealy.o(.data)
    .data                                    0x20000030   Section        8  usart.o(.data)
    .data                                    0x20000038   Section        4  adc+dma.o(.data)
    .data                                    0x2000003c   Section        1  oled.o(.data)
    g_oled_addr7                             0x2000003c   Data           1  oled.o(.data)
    .data                                    0x2000003e   Section        7  ic.o(.data)
    t1                                       0x2000003e   Data           2  ic.o(.data)
    tf                                       0x20000040   Data           2  ic.o(.data)
    t2                                       0x20000042   Data           2  ic.o(.data)
    step                                     0x20000044   Data           1  ic.o(.data)
    .bss                                     0x20000048   Section      256  main.o(.bss)
    snap                                     0x20000048   Data         256  main.o(.bss)
    .bss                                     0x20000148   Section      512  adc+dma.o(.bss)
    .bss                                     0x20000348   Section     1024  oled.o(.bss)
    g_oled_buf                               0x20000348   Data        1024  oled.o(.bss)
    .bss                                     0x20000748   Section       20  ic.o(.bss)
    g                                        0x20000748   Data          20  ic.o(.bss)
    .bss                                     0x2000075c   Section       96  libspace.o(.bss)
    HEAP                                     0x200007c0   Section      512  startup_stm32f10x_md.o(HEAP)
    Heap_Mem                                 0x200007c0   Data         512  startup_stm32f10x_md.o(HEAP)
    STACK                                    0x200009c0   Section     1024  startup_stm32f10x_md.o(STACK)
    Stack_Mem                                0x200009c0   Data        1024  startup_stm32f10x_md.o(STACK)
    __initial_sp                             0x20000dc0   Data           0  startup_stm32f10x_md.o(STACK)

    Global Symbols

    Symbol Name                              Value     Ov Type        Size  Object(Section)

    BuildAttributes$$THM_ISAv4$P$D$K$B$S$PE$A:L22UL41UL21$X:L11$S22US41US21$IEEE1$IW$USESV6$~STKCKD$USESV7$~SHL$OSPACE$ROPI$EBA8$UX$STANDARDLIB$REQ8$PRES8$EABIv2 0x00000000   Number         0  anon$$obj.o ABSOLUTE
    __ARM_use_no_argv                        0x00000000   Number         0  main.o ABSOLUTE
    _printf_flags                            0x00000000   Number         0  printf_stubs.o ABSOLUTE
    _printf_return_value                     0x00000000   Number         0  printf_stubs.o ABSOLUTE
    _printf_sizespec                         0x00000000   Number         0  printf_stubs.o ABSOLUTE
    _printf_widthprec                        0x00000000   Number         0  printf_stubs.o ABSOLUTE
    __ARM_exceptions_init                     - Undefined Weak Reference
    __alloca_initialize                       - Undefined Weak Reference
    __arm_preinit_                            - Undefined Weak Reference
    __cpp_initialize__aeabi_                  - Undefined Weak Reference
    __cxa_finalize                            - Undefined Weak Reference
    __rt_locale                               - Undefined Weak Reference
    __sigvec_lookup                           - Undefined Weak Reference
    _atexit_init                              - Undefined Weak Reference
    _call_atexit_fns                          - Undefined Weak Reference
    _clock_init                               - Undefined Weak Reference
    _fp_trap_init                             - Undefined Weak Reference
    _fp_trap_shutdown                         - Undefined Weak Reference
    _get_lc_collate                           - Undefined Weak Reference
    _get_lc_ctype                             - Undefined Weak Reference
    _get_lc_monetary                          - Undefined Weak Reference
    _get_lc_numeric                           - Undefined Weak Reference
    _get_lc_time                              - Undefined Weak Reference
    _getenv_init                              - Undefined Weak Reference
    _handle_redirection                       - Undefined Weak Reference
    _init_alloc                               - Undefined Weak Reference
    _init_user_alloc                          - Undefined Weak Reference
    _initio                                   - Undefined Weak Reference
    _mutex_acquire                            - Undefined Weak Reference
    _mutex_release                            - Undefined Weak Reference
    _printf_truncate_signed                   - Undefined Weak Reference
    _printf_truncate_unsigned                 - Undefined Weak Reference
    _rand_init                                - Undefined Weak Reference
    _signal_finish                            - Undefined Weak Reference
    _signal_init                              - Undefined Weak Reference
    _terminate_alloc                          - Undefined Weak Reference
    _terminate_user_alloc                     - Undefined Weak Reference
    _terminateio                              - Undefined Weak Reference
    __Vectors_Size                           0x000000ec   Number         0  startup_stm32f10x_md.o ABSOLUTE
    __Vectors                                0x08000000   Data           4  startup_stm32f10x_md.o(RESET)
    __Vectors_End                            0x080000ec   Data           0  startup_stm32f10x_md.o(RESET)
    __main                                   0x080000ed   Thumb Code     8  __main.o(!!!main)
    __scatterload                            0x080000f5   Thumb Code     0  __scatter.o(!!!scatter)
    __scatterload_rt2                        0x080000f5   Thumb Code    44  __scatter.o(!!!scatter)
    __scatterload_rt2_thumb_only             0x080000f5   Thumb Code     0  __scatter.o(!!!scatter)
    __scatterload_null                       0x08000103   Thumb Code     0  __scatter.o(!!!scatter)
    __scatterload_copy                       0x08000129   Thumb Code    26  __scatter_copy.o(!!handler_copy)
    __scatterload_zeroinit                   0x08000145   Thumb Code    28  __scatter_zi.o(!!handler_zi)
    _printf_d                                0x08000161   Thumb Code     0  _printf_d.o(.ARM.Collect$$_printf_percent$$00000009)
    _printf_percent                          0x08000161   Thumb Code     0  _printf_percent.o(.ARM.Collect$$_printf_percent$$00000000)
    _printf_u                                0x08000167   Thumb Code     0  _printf_u.o(.ARM.Collect$$_printf_percent$$0000000A)
    _printf_x                                0x0800016d   Thumb Code     0  _printf_x.o(.ARM.Collect$$_printf_percent$$0000000C)
    _printf_percent_end                      0x08000173   Thumb Code     0  _printf_percent_end.o(.ARM.Collect$$_printf_percent$$00000017)
    __rt_lib_init                            0x08000177   Thumb Code     0  libinit.o(.ARM.Collect$$libinit$$00000000)
    __rt_lib_init_alloca_1                   0x08000179   Thumb Code     0  libinit2.o(.ARM.Collect$$libinit$$0000002E)
    __rt_lib_init_argv_1                     0x08000179   Thumb Code     0  libinit2.o(.ARM.Collect$$libinit$$0000002C)
    __rt_lib_init_atexit_1                   0x08000179   Thumb Code     0  libinit2.o(.ARM.Collect$$libinit$$0000001B)
    __rt_lib_init_clock_1                    0x08000179   Thumb Code     0  libinit2.o(.ARM.Collect$$libinit$$00000021)
    __rt_lib_init_cpp_1                      0x08000179   Thumb Code     0  libinit2.o(.ARM.Collect$$libinit$$00000032)
    __rt_lib_init_exceptions_1               0x08000179   Thumb Code     0  libinit2.o(.ARM.Collect$$libinit$$00000030)
    __rt_lib_init_fp_1                       0x08000179   Thumb Code     0  libinit2.o(.ARM.Collect$$libinit$$00000002)
    __rt_lib_init_fp_trap_1                  0x08000179   Thumb Code     0  libinit2.o(.ARM.Collect$$libinit$$0000001F)
    __rt_lib_init_getenv_1                   0x08000179   Thumb Code     0  libinit2.o(.ARM.Collect$$libinit$$00000023)
    __rt_lib_init_heap_1                     0x08000179   Thumb Code     0  libinit2.o(.ARM.Collect$$libinit$$0000000A)
    __rt_lib_init_lc_collate_1               0x08000179   Thumb Code     0  libinit2.o(.ARM.Collect$$libinit$$00000011)
    __rt_lib_init_lc_ctype_1                 0x08000179   Thumb Code     0  libinit2.o(.ARM.Collect$$libinit$$00000013)
    __rt_lib_init_lc_monetary_1              0x08000179   Thumb Code     0  libinit2.o(.ARM.Collect$$libinit$$00000015)
    __rt_lib_init_lc_numeric_1               0x08000179   Thumb Code     0  libinit2.o(.ARM.Collect$$libinit$$00000017)
    __rt_lib_init_lc_time_1                  0x08000179   Thumb Code     0  libinit2.o(.ARM.Collect$$libinit$$00000019)
    __rt_lib_init_preinit_1                  0x08000179   Thumb Code     0  libinit2.o(.ARM.Collect$$libinit$$00000004)
    __rt_lib_init_rand_1                     0x08000179   Thumb Code     0  libinit2.o(.ARM.Collect$$libinit$$0000000E)
    __rt_lib_init_return                     0x08000179   Thumb Code     0  libinit2.o(.ARM.Collect$$libinit$$00000033)
    __rt_lib_init_signal_1                   0x08000179   Thumb Code     0  libinit2.o(.ARM.Collect$$libinit$$0000001D)
    __rt_lib_init_stdio_1                    0x08000179   Thumb Code     0  libinit2.o(.ARM.Collect$$libinit$$00000025)
    __rt_lib_init_user_alloc_1               0x08000179   Thumb Code     0  libinit2.o(.ARM.Collect$$libinit$$0000000C)
    __rt_lib_shutdown                        0x0800017b   Thumb Code     0  libshutdown.o(.ARM.Collect$$libshutdown$$00000000)
    __rt_lib_shutdown_cpp_1                  0x0800017d   Thumb Code     0  libshutdown2.o(.ARM.Collect$$libshutdown$$00000002)
    __rt_lib_shutdown_fp_trap_1              0x0800017d   Thumb Code     0  libshutdown2.o(.ARM.Collect$$libshutdown$$00000007)
    __rt_lib_shutdown_heap_1                 0x0800017d   Thumb Code     0  libshutdown2.o(.ARM.Collect$$libshutdown$$0000000F)
    __rt_lib_shutdown_return                 0x0800017d   Thumb Code     0  libshutdown2.o(.ARM.Collect$$libshutdown$$00000010)
    __rt_lib_shutdown_signal_1               0x0800017d   Thumb Code     0  libshutdown2.o(.ARM.Collect$$libshutdown$$0000000A)
    __rt_lib_shutdown_stdio_1                0x0800017d   Thumb Code     0  libshutdown2.o(.ARM.Collect$$libshutdown$$00000004)
    __rt_lib_shutdown_user_alloc_1           0x0800017d   Thumb Code     0  libshutdown2.o(.ARM.Collect$$libshutdown$$0000000C)
    __rt_entry                               0x0800017f   Thumb Code     0  __rtentry.o(.ARM.Collect$$rtentry$$00000000)
    __rt_entry_presh_1                       0x0800017f   Thumb Code     0  __rtentry2.o(.ARM.Collect$$rtentry$$00000002)
    __rt_entry_sh                            0x0800017f   Thumb Code     0  __rtentry4.o(.ARM.Collect$$rtentry$$00000004)
    __rt_entry_li                            0x08000185   Thumb Code     0  __rtentry2.o(.ARM.Collect$$rtentry$$0000000A)
    __rt_entry_postsh_1                      0x08000185   Thumb Code     0  __rtentry2.o(.ARM.Collect$$rtentry$$00000009)
    __rt_entry_main                          0x08000189   Thumb Code     0  __rtentry2.o(.ARM.Collect$$rtentry$$0000000D)
    __rt_entry_postli_1                      0x08000189   Thumb Code     0  __rtentry2.o(.ARM.Collect$$rtentry$$0000000C)
    __rt_exit                                0x08000191   Thumb Code     0  rtexit.o(.ARM.Collect$$rtexit$$00000000)
    __rt_exit_ls                             0x08000193   Thumb Code     0  rtexit2.o(.ARM.Collect$$rtexit$$00000003)
    __rt_exit_prels_1                        0x08000193   Thumb Code     0  rtexit2.o(.ARM.Collect$$rtexit$$00000002)
    __rt_exit_exit                           0x08000197   Thumb Code     0  rtexit2.o(.ARM.Collect$$rtexit$$00000004)
    Reset_Handler                            0x0800019d   Thumb Code     8  startup_stm32f10x_md.o(.text)
    ADC1_2_IRQHandler                        0x080001b7   Thumb Code     0  startup_stm32f10x_md.o(.text)
    CAN1_RX1_IRQHandler                      0x080001b7   Thumb Code     0  startup_stm32f10x_md.o(.text)
    CAN1_SCE_IRQHandler                      0x080001b7   Thumb Code     0  startup_stm32f10x_md.o(.text)
    DMA1_Channel2_IRQHandler                 0x080001b7   Thumb Code     0  startup_stm32f10x_md.o(.text)
    DMA1_Channel3_IRQHandler                 0x080001b7   Thumb Code     0  startup_stm32f10x_md.o(.text)
    DMA1_Channel4_IRQHandler                 0x080001b7   Thumb Code     0  startup_stm32f10x_md.o(.text)
    DMA1_Channel5_IRQHandler                 0x080001b7   Thumb Code     0  startup_stm32f10x_md.o(.text)
    DMA1_Channel6_IRQHandler                 0x080001b7   Thumb Code     0  startup_stm32f10x_md.o(.text)
    DMA1_Channel7_IRQHandler                 0x080001b7   Thumb Code     0  startup_stm32f10x_md.o(.text)
    EXTI0_IRQHandler                         0x080001b7   Thumb Code     0  startup_stm32f10x_md.o(.text)
    EXTI15_10_IRQHandler                     0x080001b7   Thumb Code     0  startup_stm32f10x_md.o(.text)
    EXTI2_IRQHandler                         0x080001b7   Thumb Code     0  startup_stm32f10x_md.o(.text)
    EXTI3_IRQHandler                         0x080001b7   Thumb Code     0  startup_stm32f10x_md.o(.text)
    EXTI4_IRQHandler                         0x080001b7   Thumb Code     0  startup_stm32f10x_md.o(.text)
    EXTI9_5_IRQHandler                       0x080001b7   Thumb Code     0  startup_stm32f10x_md.o(.text)
    FLASH_IRQHandler                         0x080001b7   Thumb Code     0  startup_stm32f10x_md.o(.text)
    I2C1_ER_IRQHandler                       0x080001b7   Thumb Code     0  startup_stm32f10x_md.o(.text)
    I2C1_EV_IRQHandler                       0x080001b7   Thumb Code     0  startup_stm32f10x_md.o(.text)
    I2C2_ER_IRQHandler                       0x080001b7   Thumb Code     0  startup_stm32f10x_md.o(.text)
    I2C2_EV_IRQHandler                       0x080001b7   Thumb Code     0  startup_stm32f10x_md.o(.text)
    PVD_IRQHandler                           0x080001b7   Thumb Code     0  startup_stm32f10x_md.o(.text)
    RCC_IRQHandler                           0x080001b7   Thumb Code     0  startup_stm32f10x_md.o(.text)
    RTCAlarm_IRQHandler                      0x080001b7   Thumb Code     0  startup_stm32f10x_md.o(.text)
    RTC_IRQHandler                           0x080001b7   Thumb Code     0  startup_stm32f10x_md.o(.text)
    SPI1_IRQHandler                          0x080001b7   Thumb Code     0  startup_stm32f10x_md.o(.text)
    SPI2_IRQHandler                          0x080001b7   Thumb Code     0  startup_stm32f10x_md.o(.text)
    TAMPER_IRQHandler                        0x080001b7   Thumb Code     0  startup_stm32f10x_md.o(.text)
    TIM1_BRK_IRQHandler                      0x080001b7   Thumb Code     0  startup_stm32f10x_md.o(.text)
    TIM1_CC_IRQHandler                       0x080001b7   Thumb Code     0  startup_stm32f10x_md.o(.text)
    TIM1_TRG_COM_IRQHandler                  0x080001b7   Thumb Code     0  startup_stm32f10x_md.o(.text)
    TIM1_UP_IRQHandler                       0x080001b7   Thumb Code     0  startup_stm32f10x_md.o(.text)
    TIM3_IRQHandler                          0x080001b7   Thumb Code     0  startup_stm32f10x_md.o(.text)
    TIM4_IRQHandler                          0x080001b7   Thumb Code     0  startup_stm32f10x_md.o(.text)
    USART1_IRQHandler                        0x080001b7   Thumb Code     0  startup_stm32f10x_md.o(.text)
    USART2_IRQHandler                        0x080001b7   Thumb Code     0  startup_stm32f10x_md.o(.text)
    USART3_IRQHandler                        0x080001b7   Thumb Code     0  startup_stm32f10x_md.o(.text)
    USBWakeUp_IRQHandler                     0x080001b7   Thumb Code     0  startup_stm32f10x_md.o(.text)
    USB_HP_CAN1_TX_IRQHandler                0x080001b7   Thumb Code     0  startup_stm32f10x_md.o(.text)
    USB_LP_CAN1_RX0_IRQHandler               0x080001b7   Thumb Code     0  startup_stm32f10x_md.o(.text)
    WWDG_IRQHandler                          0x080001b7   Thumb Code     0  startup_stm32f10x_md.o(.text)
    __user_initial_stackheap                 0x080001b9   Thumb Code     0  startup_stm32f10x_md.o(.text)
    __use_no_semihosting                     0x080001dd   Thumb Code     2  use_no_semi_2.o(.text)
    __2printf                                0x080001e1   Thumb Code    20  noretval__2printf.o(.text)
    __2sprintf                               0x080001f9   Thumb Code    34  noretval__2sprintf.o(.text)
    _printf_pre_padding                      0x08000221   Thumb Code    44  _printf_pad.o(.text)
    _printf_post_padding                     0x0800024d   Thumb Code    34  _printf_pad.o(.text)
    _printf_int_dec                          0x08000271   Thumb Code   104  _printf_dec.o(.text)
    _printf_int_hex                          0x080002e9   Thumb Code    84  _printf_hex_int.o(.text)
    _printf_longlong_hex                     0x080002e9   Thumb Code     0  _printf_hex_int.o(.text)
    __printf                                 0x08000341   Thumb Code   388  __printf_flags_ss_wp.o(.text)
    __aeabi_memcpy                           0x080004c9   Thumb Code     0  rt_memcpy_v6.o(.text)
    __rt_memcpy                              0x080004c9   Thumb Code   138  rt_memcpy_v6.o(.text)
    _memcpy_lastbytes                        0x0800052f   Thumb Code     0  rt_memcpy_v6.o(.text)
    __aeabi_memcpy4                          0x08000553   Thumb Code     0  rt_memcpy_w.o(.text)
    __aeabi_memcpy8                          0x08000553   Thumb Code     0  rt_memcpy_w.o(.text)
    __rt_memcpy_w                            0x08000553   Thumb Code   100  rt_memcpy_w.o(.text)
    _memcpy_lastbytes_aligned                0x0800059b   Thumb Code     0  rt_memcpy_w.o(.text)
    __aeabi_memclr                           0x080005b7   Thumb Code     0  rt_memclr.o(.text)
    __rt_memclr                              0x080005b7   Thumb Code    68  rt_memclr.o(.text)
    _memset                                  0x080005bb   Thumb Code     0  rt_memclr.o(.text)
    __aeabi_memclr4                          0x080005fb   Thumb Code     0  rt_memclr_w.o(.text)
    __aeabi_memclr8                          0x080005fb   Thumb Code     0  rt_memclr_w.o(.text)
    __rt_memclr_w                            0x080005fb   Thumb Code    78  rt_memclr_w.o(.text)
    _memset_w                                0x080005ff   Thumb Code     0  rt_memclr_w.o(.text)
    __use_two_region_memory                  0x08000649   Thumb Code     2  heapauxi.o(.text)
    __rt_heap_escrow$2region                 0x0800064b   Thumb Code     2  heapauxi.o(.text)
    __rt_heap_expand$2region                 0x0800064d   Thumb Code     2  heapauxi.o(.text)
    __I$use$semihosting                      0x0800064f   Thumb Code     0  use_no_semi.o(.text)
    __use_no_semihosting_swi                 0x0800064f   Thumb Code     2  use_no_semi.o(.text)
    _printf_int_common                       0x08000651   Thumb Code   178  _printf_intcommon.o(.text)
    _printf_char_common                      0x0800070f   Thumb Code    32  _printf_char_common.o(.text)
    _sputc                                   0x08000735   Thumb Code    10  _sputc.o(.text)
    _printf_char_file                        0x08000741   Thumb Code    32  _printf_char_file.o(.text)
    ferror                                   0x08000765   Thumb Code     8  ferror.o(.text)
    __user_setup_stackheap                   0x0800076d   Thumb Code    74  sys_stackheap_outer.o(.text)
    exit                                     0x080007b7   Thumb Code    18  exit.o(.text)
    __user_libspace                          0x080007c9   Thumb Code     8  libspace.o(.text)
    __user_perproc_libspace                  0x080007c9   Thumb Code     0  libspace.o(.text)
    __user_perthread_libspace                0x080007c9   Thumb Code     0  libspace.o(.text)
    ADC_CalcAvg                              0x08000879   Thumb Code    30  adc+dma.o(i.ADC_CalcAvg)
    ADC_Cmd                                  0x08000897   Thumb Code    22  stm32f10x_adc.o(i.ADC_Cmd)
    ADC_DMACmd                               0x080008ad   Thumb Code    22  stm32f10x_adc.o(i.ADC_DMACmd)
    ADC_DMA_Init                             0x080008c5   Thumb Code    22  adc+dma.o(i.ADC_DMA_Init)
    ADC_DeInit                               0x080008e5   Thumb Code    78  stm32f10x_adc.o(i.ADC_DeInit)
    ADC_GetCalibrationStatus                 0x08000941   Thumb Code    20  stm32f10x_adc.o(i.ADC_GetCalibrationStatus)
    ADC_GetResetCalibrationStatus            0x08000955   Thumb Code    20  stm32f10x_adc.o(i.ADC_GetResetCalibrationStatus)
    ADC_Init                                 0x08000969   Thumb Code    70  stm32f10x_adc.o(i.ADC_Init)
    ADC_RegularChannelConfig                 0x080009b9   Thumb Code   184  stm32f10x_adc.o(i.ADC_RegularChannelConfig)
    ADC_ResetCalibration                     0x08000a71   Thumb Code    10  stm32f10x_adc.o(i.ADC_ResetCalibration)
    ADC_SoftwareStartConvCmd                 0x08000a7b   Thumb Code    22  stm32f10x_adc.o(i.ADC_SoftwareStartConvCmd)
    ADC_StartCalibration                     0x08000a91   Thumb Code    10  stm32f10x_adc.o(i.ADC_StartCalibration)
    BusFault_Handler                         0x08000ab5   Thumb Code     4  stm32f10x_it.o(i.BusFault_Handler)
    DMA1_Channel1_IRQHandler                 0x08000ab9   Thumb Code    44  adc+dma.o(i.DMA1_Channel1_IRQHandler)
    DMA_ClearITPendingBit                    0x08000b71   Thumb Code    18  stm32f10x_dma.o(i.DMA_ClearITPendingBit)
    DMA_Cmd                                  0x08000b8d   Thumb Code    24  stm32f10x_dma.o(i.DMA_Cmd)
    DMA_DeInit                               0x08000ba5   Thumb Code   324  stm32f10x_dma.o(i.DMA_DeInit)
    DMA_GetITStatus                          0x08000cf1   Thumb Code    36  stm32f10x_dma.o(i.DMA_GetITStatus)
    DMA_ITConfig                             0x08000d1d   Thumb Code    18  stm32f10x_dma.o(i.DMA_ITConfig)
    DMA_Init                                 0x08000d2f   Thumb Code    60  stm32f10x_dma.o(i.DMA_Init)
    DebugMon_Handler                         0x08000d6b   Thumb Code     2  stm32f10x_it.o(i.DebugMon_Handler)
    EXTI1_IRQHandler                         0x08000d6d   Thumb Code    18  key.o(i.EXTI1_IRQHandler)
    EXTI_ClearITPendingBit                   0x08000d81   Thumb Code     6  stm32f10x_exti.o(i.EXTI_ClearITPendingBit)
    EXTI_GetITStatus                         0x08000d8d   Thumb Code    34  stm32f10x_exti.o(i.EXTI_GetITStatus)
    GPIO_Init                                0x08000db5   Thumb Code   278  stm32f10x_gpio.o(i.GPIO_Init)
    HardFault_Handler                        0x08000ecb   Thumb Code     4  stm32f10x_it.o(i.HardFault_Handler)
    I2C1_CheckAddr                           0x08000ed1   Thumb Code   190  i2c.o(i.I2C1_CheckAddr)
    I2C1_Init                                0x08000fcd   Thumb Code   126  i2c.o(i.I2C1_Init)
    I2C_CheckEvent                           0x08001059   Thumb Code    42  stm32f10x_i2c.o(i.I2C_CheckEvent)
    I2C_Cmd                                  0x08001083   Thumb Code    24  stm32f10x_i2c.o(i.I2C_Cmd)
    I2C_DeInit                               0x0800109d   Thumb Code    50  stm32f10x_i2c.o(i.I2C_DeInit)
    I2C_GenerateSTART                        0x080010d5   Thumb Code    24  stm32f10x_i2c.o(i.I2C_GenerateSTART)
    I2C_GenerateSTOP                         0x080010ed   Thumb Code    24  stm32f10x_i2c.o(i.I2C_GenerateSTOP)
    I2C_Init                                 0x08001105   Thumb Code   222  stm32f10x_i2c.o(i.I2C_Init)
    I2C_Send7bitAddress                      0x080011f1   Thumb Code    18  stm32f10x_i2c.o(i.I2C_Send7bitAddress)
    I2C_SendData                             0x08001203   Thumb Code     4  stm32f10x_i2c.o(i.I2C_SendData)
    I2C_SoftwareResetCmd                     0x08001207   Thumb Code    22  stm32f10x_i2c.o(i.I2C_SoftwareResetCmd)
    IC_TIM2_CH1_PA0_Init_1MHz                0x080013ad   Thumb Code   158  ic.o(i.IC_TIM2_CH1_PA0_Init_1MHz)
    IC_TakeResult                            0x08001451   Thumb Code    52  ic.o(i.IC_TakeResult)
    MemManage_Handler                        0x08001489   Thumb Code     4  stm32f10x_it.o(i.MemManage_Handler)
    NMI_Handler                              0x0800148d   Thumb Code     2  stm32f10x_it.o(i.NMI_Handler)
    NVIC_Init                                0x08001491   Thumb Code   100  misc.o(i.NVIC_Init)
    OLED_Clear                               0x08001501   Thumb Code    14  oled.o(i.OLED_Clear)
    OLED_DrawPoint                           0x08001541   Thumb Code    78  oled.o(i.OLED_DrawPoint)
    OLED_DrawWave_Adc128                     0x08001595   Thumb Code   216  oled.o(i.OLED_DrawWave_Adc128)
    OLED_Init                                0x0800166d   Thumb Code   224  oled.o(i.OLED_Init)
    OLED_MapAdcToY                           0x08001789   Thumb Code    38  oled.o(i.OLED_MapAdcToY)
    OLED_ShowChar                            0x080017d5   Thumb Code    78  oled.o(i.OLED_ShowChar)
    OLED_ShowNum                             0x0800182d   Thumb Code    30  oled.o(i.OLED_ShowNum)
    OLED_ShowString                          0x08001851   Thumb Code    52  oled.o(i.OLED_ShowString)
    OLED_Update                              0x080018d5   Thumb Code    36  oled.o(i.OLED_Update)
    PendSV_Handler                           0x08001931   Thumb Code     2  stm32f10x_it.o(i.PendSV_Handler)
    RCC_ADCCLKConfig                         0x08001935   Thumb Code    18  stm32f10x_rcc.o(i.RCC_ADCCLKConfig)
    RCC_AHBPeriphClockCmd                    0x0800194d   Thumb Code    26  stm32f10x_rcc.o(i.RCC_AHBPeriphClockCmd)
    RCC_APB1PeriphClockCmd                   0x0800196d   Thumb Code    26  stm32f10x_rcc.o(i.RCC_APB1PeriphClockCmd)
    RCC_APB1PeriphResetCmd                   0x0800198d   Thumb Code    26  stm32f10x_rcc.o(i.RCC_APB1PeriphResetCmd)
    RCC_APB2PeriphClockCmd                   0x080019ad   Thumb Code    26  stm32f10x_rcc.o(i.RCC_APB2PeriphClockCmd)
    RCC_APB2PeriphResetCmd                   0x080019cd   Thumb Code    26  stm32f10x_rcc.o(i.RCC_APB2PeriphResetCmd)
    RCC_GetClocksFreq                        0x080019ed   Thumb Code   192  stm32f10x_rcc.o(i.RCC_GetClocksFreq)
    SVC_Handler                              0x08001ac1   Thumb Code     2  stm32f10x_it.o(i.SVC_Handler)
    SysTick_Handler                          0x08001bad   Thumb Code     2  stm32f10x_it.o(i.SysTick_Handler)
    SystemInit                               0x08001bb1   Thumb Code    78  system_stm32f10x.o(i.SystemInit)
    TIM2_IRQHandler                          0x08001e51   Thumb Code   204  ic.o(i.TIM2_IRQHandler)
    TIM3_Init                                0x08001f39   Thumb Code   144  pwm.o(i.TIM3_Init)
    TIM_ARRPreloadConfig                     0x08001fd1   Thumb Code    24  stm32f10x_tim.o(i.TIM_ARRPreloadConfig)
    TIM_ClearITPendingBit                    0x08001fe9   Thumb Code     6  stm32f10x_tim.o(i.TIM_ClearITPendingBit)
    TIM_Cmd                                  0x08001fef   Thumb Code    24  stm32f10x_tim.o(i.TIM_Cmd)
    TIM_GetCapture1                          0x08002007   Thumb Code     6  stm32f10x_tim.o(i.TIM_GetCapture1)
    TIM_GetITStatus                          0x0800200d   Thumb Code    34  stm32f10x_tim.o(i.TIM_GetITStatus)
    TIM_ICInit                               0x08002031   Thumb Code   150  stm32f10x_tim.o(i.TIM_ICInit)
    TIM_ITConfig                             0x080020dd   Thumb Code    18  stm32f10x_tim.o(i.TIM_ITConfig)
    TIM_OC1Init                              0x080020f1   Thumb Code   132  stm32f10x_tim.o(i.TIM_OC1Init)
    TIM_OC1PolarityConfig                    0x08002189   Thumb Code    18  stm32f10x_tim.o(i.TIM_OC1PolarityConfig)
    TIM_OC1PreloadConfig                     0x0800219b   Thumb Code    18  stm32f10x_tim.o(i.TIM_OC1PreloadConfig)
    TIM_SetIC1Prescaler                      0x080021ad   Thumb Code    18  stm32f10x_tim.o(i.TIM_SetIC1Prescaler)
    TIM_SetIC2Prescaler                      0x080021bf   Thumb Code    26  stm32f10x_tim.o(i.TIM_SetIC2Prescaler)
    TIM_SetIC3Prescaler                      0x080021d9   Thumb Code    18  stm32f10x_tim.o(i.TIM_SetIC3Prescaler)
    TIM_SetIC4Prescaler                      0x080021eb   Thumb Code    26  stm32f10x_tim.o(i.TIM_SetIC4Prescaler)
    TIM_TimeBaseInit                         0x08002205   Thumb Code   122  stm32f10x_tim.o(i.TIM_TimeBaseInit)
    USART1_Init                              0x080022f5   Thumb Code    52  usart.o(i.USART1_Init)
    USART_Cmd                                0x0800232d   Thumb Code    24  stm32f10x_usart.o(i.USART_Cmd)
    USART_GetFlagStatus                      0x08002345   Thumb Code    26  stm32f10x_usart.o(i.USART_GetFlagStatus)
    USART_Init                               0x08002361   Thumb Code   210  stm32f10x_usart.o(i.USART_Init)
    USART_SendData                           0x08002439   Thumb Code     8  stm32f10x_usart.o(i.USART_SendData)
    UsageFault_Handler                       0x08002441   Thumb Code     4  stm32f10x_it.o(i.UsageFault_Handler)
    _is_digit                                0x08002445   Thumb Code    14  __printf_wp.o(i._is_digit)
    _sys_exit                                0x08002453   Thumb Code     6  usart.o(i._sys_exit)
    delay_init                               0x08002459   Thumb Code    62  dealy.o(i.delay_init)
    delay_ms                                 0x080024a9   Thumb Code   104  dealy.o(i.delay_ms)
    fputc                                    0x0800251d   Thumb Code    32  usart.o(i.fputc)
    main                                     0x08002541   Thumb Code   360  main.o(i.main)
    __aeabi_fadd                             0x080027b1   Thumb Code     0  faddsub_clz.o(x$fpl$fadd)
    _fadd                                    0x080027b1   Thumb Code   196  faddsub_clz.o(x$fpl$fadd)
    __aeabi_fdiv                             0x08002875   Thumb Code     0  fdiv.o(x$fpl$fdiv)
    _fdiv                                    0x08002875   Thumb Code   384  fdiv.o(x$fpl$fdiv)
    __aeabi_f2uiz                            0x080029f9   Thumb Code     0  ffixu.o(x$fpl$ffixu)
    _ffixu                                   0x080029f9   Thumb Code    62  ffixu.o(x$fpl$ffixu)
    __aeabi_ui2f                             0x08002a39   Thumb Code     0  fflt_clz.o(x$fpl$ffltu)
    _ffltu                                   0x08002a39   Thumb Code    38  fflt_clz.o(x$fpl$ffltu)
    __aeabi_fmul                             0x08002a61   Thumb Code     0  fmul.o(x$fpl$fmul)
    _fmul                                    0x08002a61   Thumb Code   258  fmul.o(x$fpl$fmul)
    __fpl_fnaninf                            0x08002b63   Thumb Code   140  fnaninf.o(x$fpl$fnaninf)
    __fpl_fretinf                            0x08002bef   Thumb Code    10  fretinf.o(x$fpl$fretinf)
    __aeabi_fsub                             0x08002bf9   Thumb Code     0  faddsub_clz.o(x$fpl$fsub)
    _fsub                                    0x08002bf9   Thumb Code   234  faddsub_clz.o(x$fpl$fsub)
    __I$use$fp                               0x08002ce2   Number         0  usenofp.o(x$fpl$usenofp)
    Region$$Table$$Base                      0x08002f5c   Number         0  anon$$obj.o(Region$$Table)
    Region$$Table$$Limit                     0x08002f7c   Number         0  anon$$obj.o(Region$$Table)
    SystemCoreClock                          0x20000000   Data           4  system_stm32f10x.o(.data)
    AHBPrescTable                            0x20000004   Data          16  system_stm32f10x.o(.data)
    __stdout                                 0x20000030   Data           4  usart.o(.data)
    __stdin                                  0x20000034   Data           4  usart.o(.data)
    adc_half_ready                           0x20000038   Data           2  adc+dma.o(.data)
    adc_full_ready                           0x2000003a   Data           2  adc+dma.o(.data)
    adc_buf                                  0x20000148   Data         512  adc+dma.o(.bss)
    __libspace_start                         0x2000075c   Data          96  libspace.o(.bss)
    __temporary_stack_top$libspace           0x200007bc   Data           0  libspace.o(.bss)



==============================================================================

Memory Map of the image

  Image Entry point : 0x080000ed

  Load Region LR_IROM1 (Base: 0x08000000, Size: 0x00002fc4, Max: 0x00010000, ABSOLUTE)

    Execution Region ER_IROM1 (Exec base: 0x08000000, Load base: 0x08000000, Size: 0x00002f7c, Max: 0x00010000, ABSOLUTE)

    Exec Addr    Load Addr    Size         Type   Attr      Idx    E Section Name        Object

    0x08000000   0x08000000   0x000000ec   Data   RO          132    RESET               startup_stm32f10x_md.o
    0x080000ec   0x080000ec   0x00000008   Code   RO         3659  * !!!main             c_w.l(__main.o)
    0x080000f4   0x080000f4   0x00000034   Code   RO         3856    !!!scatter          c_w.l(__scatter.o)
    0x08000128   0x08000128   0x0000001a   Code   RO         3858    !!handler_copy      c_w.l(__scatter_copy.o)
    0x08000142   0x08000142   0x00000002   PAD
    0x08000144   0x08000144   0x0000001c   Code   RO         3860    !!handler_zi        c_w.l(__scatter_zi.o)
    0x08000160   0x08000160   0x00000000   Code   RO         3648    .ARM.Collect$$_printf_percent$$00000000  c_w.l(_printf_percent.o)
    0x08000160   0x08000160   0x00000006   Code   RO         3646    .ARM.Collect$$_printf_percent$$00000009  c_w.l(_printf_d.o)
    0x08000166   0x08000166   0x00000006   Code   RO         3647    .ARM.Collect$$_printf_percent$$0000000A  c_w.l(_printf_u.o)
    0x0800016c   0x0800016c   0x00000006   Code   RO         3645    .ARM.Collect$$_printf_percent$$0000000C  c_w.l(_printf_x.o)
    0x08000172   0x08000172   0x00000004   Code   RO         3694    .ARM.Collect$$_printf_percent$$00000017  c_w.l(_printf_percent_end.o)
    0x08000176   0x08000176   0x00000002   Code   RO         3730    .ARM.Collect$$libinit$$00000000  c_w.l(libinit.o)
    0x08000178   0x08000178   0x00000000   Code   RO         3737    .ARM.Collect$$libinit$$00000002  c_w.l(libinit2.o)
    0x08000178   0x08000178   0x00000000   Code   RO         3739    .ARM.Collect$$libinit$$00000004  c_w.l(libinit2.o)
    0x08000178   0x08000178   0x00000000   Code   RO         3742    .ARM.Collect$$libinit$$0000000A  c_w.l(libinit2.o)
    0x08000178   0x08000178   0x00000000   Code   RO         3744    .ARM.Collect$$libinit$$0000000C  c_w.l(libinit2.o)
    0x08000178   0x08000178   0x00000000   Code   RO         3746    .ARM.Collect$$libinit$$0000000E  c_w.l(libinit2.o)
    0x08000178   0x08000178   0x00000000   Code   RO         3749    .ARM.Collect$$libinit$$00000011  c_w.l(libinit2.o)
    0x08000178   0x08000178   0x00000000   Code   RO         3751    .ARM.Collect$$libinit$$00000013  c_w.l(libinit2.o)
    0x08000178   0x08000178   0x00000000   Code   RO         3753    .ARM.Collect$$libinit$$00000015  c_w.l(libinit2.o)
    0x08000178   0x08000178   0x00000000   Code   RO         3755    .ARM.Collect$$libinit$$00000017  c_w.l(libinit2.o)
    0x08000178   0x08000178   0x00000000   Code   RO         3757    .ARM.Collect$$libinit$$00000019  c_w.l(libinit2.o)
    0x08000178   0x08000178   0x00000000   Code   RO         3759    .ARM.Collect$$libinit$$0000001B  c_w.l(libinit2.o)
    0x08000178   0x08000178   0x00000000   Code   RO         3761    .ARM.Collect$$libinit$$0000001D  c_w.l(libinit2.o)
    0x08000178   0x08000178   0x00000000   Code   RO         3763    .ARM.Collect$$libinit$$0000001F  c_w.l(libinit2.o)
    0x08000178   0x08000178   0x00000000   Code   RO         3765    .ARM.Collect$$libinit$$00000021  c_w.l(libinit2.o)
    0x08000178   0x08000178   0x00000000   Code   RO         3767    .ARM.Collect$$libinit$$00000023  c_w.l(libinit2.o)
    0x08000178   0x08000178   0x00000000   Code   RO         3769    .ARM.Collect$$libinit$$00000025  c_w.l(libinit2.o)
    0x08000178   0x08000178   0x00000000   Code   RO         3773    .ARM.Collect$$libinit$$0000002C  c_w.l(libinit2.o)
    0x08000178   0x08000178   0x00000000   Code   RO         3775    .ARM.Collect$$libinit$$0000002E  c_w.l(libinit2.o)
    0x08000178   0x08000178   0x00000000   Code   RO         3777    .ARM.Collect$$libinit$$00000030  c_w.l(libinit2.o)
    0x08000178   0x08000178   0x00000000   Code   RO         3779    .ARM.Collect$$libinit$$00000032  c_w.l(libinit2.o)
    0x08000178   0x08000178   0x00000002   Code   RO         3780    .ARM.Collect$$libinit$$00000033  c_w.l(libinit2.o)
    0x0800017a   0x0800017a   0x00000002   Code   RO         3798    .ARM.Collect$$libshutdown$$00000000  c_w.l(libshutdown.o)
    0x0800017c   0x0800017c   0x00000000   Code   RO         3808    .ARM.Collect$$libshutdown$$00000002  c_w.l(libshutdown2.o)
    0x0800017c   0x0800017c   0x00000000   Code   RO         3810    .ARM.Collect$$libshutdown$$00000004  c_w.l(libshutdown2.o)
    0x0800017c   0x0800017c   0x00000000   Code   RO         3813    .ARM.Collect$$libshutdown$$00000007  c_w.l(libshutdown2.o)
    0x0800017c   0x0800017c   0x00000000   Code   RO         3816    .ARM.Collect$$libshutdown$$0000000A  c_w.l(libshutdown2.o)
    0x0800017c   0x0800017c   0x00000000   Code   RO         3818    .ARM.Collect$$libshutdown$$0000000C  c_w.l(libshutdown2.o)
    0x0800017c   0x0800017c   0x00000000   Code   RO         3821    .ARM.Collect$$libshutdown$$0000000F  c_w.l(libshutdown2.o)
    0x0800017c   0x0800017c   0x00000002   Code   RO         3822    .ARM.Collect$$libshutdown$$00000010  c_w.l(libshutdown2.o)
    0x0800017e   0x0800017e   0x00000000   Code   RO         3685    .ARM.Collect$$rtentry$$00000000  c_w.l(__rtentry.o)
    0x0800017e   0x0800017e   0x00000000   Code   RO         3701    .ARM.Collect$$rtentry$$00000002  c_w.l(__rtentry2.o)
    0x0800017e   0x0800017e   0x00000006   Code   RO         3713    .ARM.Collect$$rtentry$$00000004  c_w.l(__rtentry4.o)
    0x08000184   0x08000184   0x00000000   Code   RO         3703    .ARM.Collect$$rtentry$$00000009  c_w.l(__rtentry2.o)
    0x08000184   0x08000184   0x00000004   Code   RO         3704    .ARM.Collect$$rtentry$$0000000A  c_w.l(__rtentry2.o)
    0x08000188   0x08000188   0x00000000   Code   RO         3706    .ARM.Collect$$rtentry$$0000000C  c_w.l(__rtentry2.o)
    0x08000188   0x08000188   0x00000008   Code   RO         3707    .ARM.Collect$$rtentry$$0000000D  c_w.l(__rtentry2.o)
    0x08000190   0x08000190   0x00000002   Code   RO         3734    .ARM.Collect$$rtexit$$00000000  c_w.l(rtexit.o)
    0x08000192   0x08000192   0x00000000   Code   RO         3782    .ARM.Collect$$rtexit$$00000002  c_w.l(rtexit2.o)
    0x08000192   0x08000192   0x00000004   Code   RO         3783    .ARM.Collect$$rtexit$$00000003  c_w.l(rtexit2.o)
    0x08000196   0x08000196   0x00000006   Code   RO         3784    .ARM.Collect$$rtexit$$00000004  c_w.l(rtexit2.o)
    0x0800019c   0x0800019c   0x00000040   Code   RO          133    .text               startup_stm32f10x_md.o
    0x080001dc   0x080001dc   0x00000002   Code   RO         3588    .text               c_w.l(use_no_semi_2.o)
    0x080001de   0x080001de   0x00000002   PAD
    0x080001e0   0x080001e0   0x00000018   Code   RO         3594    .text               c_w.l(noretval__2printf.o)
    0x080001f8   0x080001f8   0x00000028   Code   RO         3596    .text               c_w.l(noretval__2sprintf.o)
    0x08000220   0x08000220   0x0000004e   Code   RO         3600    .text               c_w.l(_printf_pad.o)
    0x0800026e   0x0800026e   0x00000002   PAD
    0x08000270   0x08000270   0x00000078   Code   RO         3602    .text               c_w.l(_printf_dec.o)
    0x080002e8   0x080002e8   0x00000058   Code   RO         3607    .text               c_w.l(_printf_hex_int.o)
    0x08000340   0x08000340   0x00000188   Code   RO         3642    .text               c_w.l(__printf_flags_ss_wp.o)
    0x080004c8   0x080004c8   0x0000008a   Code   RO         3649    .text               c_w.l(rt_memcpy_v6.o)
    0x08000552   0x08000552   0x00000064   Code   RO         3651    .text               c_w.l(rt_memcpy_w.o)
    0x080005b6   0x080005b6   0x00000044   Code   RO         3653    .text               c_w.l(rt_memclr.o)
    0x080005fa   0x080005fa   0x0000004e   Code   RO         3655    .text               c_w.l(rt_memclr_w.o)
    0x08000648   0x08000648   0x00000006   Code   RO         3657    .text               c_w.l(heapauxi.o)
    0x0800064e   0x0800064e   0x00000002   Code   RO         3683    .text               c_w.l(use_no_semi.o)
    0x08000650   0x08000650   0x000000b2   Code   RO         3686    .text               c_w.l(_printf_intcommon.o)
    0x08000702   0x08000702   0x00000002   PAD
    0x08000704   0x08000704   0x00000030   Code   RO         3688    .text               c_w.l(_printf_char_common.o)
    0x08000734   0x08000734   0x0000000a   Code   RO         3690    .text               c_w.l(_sputc.o)
    0x0800073e   0x0800073e   0x00000002   PAD
    0x08000740   0x08000740   0x00000024   Code   RO         3692    .text               c_w.l(_printf_char_file.o)
    0x08000764   0x08000764   0x00000008   Code   RO         3717    .text               c_w.l(ferror.o)
    0x0800076c   0x0800076c   0x0000004a   Code   RO         3721    .text               c_w.l(sys_stackheap_outer.o)
    0x080007b6   0x080007b6   0x00000012   Code   RO         3723    .text               c_w.l(exit.o)
    0x080007c8   0x080007c8   0x00000008   Code   RO         3731    .text               c_w.l(libspace.o)
    0x080007d0   0x080007d0   0x000000a8   Code   RO         3327    i.ADC1_Config_Channel1_PA1  adc+dma.o
    0x08000878   0x08000878   0x0000001e   Code   RO         3329    i.ADC_CalcAvg       adc+dma.o
    0x08000896   0x08000896   0x00000016   Code   RO          319    i.ADC_Cmd           stm32f10x_adc.o
    0x080008ac   0x080008ac   0x00000016   Code   RO          320    i.ADC_DMACmd        stm32f10x_adc.o
    0x080008c2   0x080008c2   0x00000002   PAD
    0x080008c4   0x080008c4   0x00000020   Code   RO         3330    i.ADC_DMA_Init      adc+dma.o
    0x080008e4   0x080008e4   0x0000005c   Code   RO          321    i.ADC_DeInit        stm32f10x_adc.o
    0x08000940   0x08000940   0x00000014   Code   RO          327    i.ADC_GetCalibrationStatus  stm32f10x_adc.o
    0x08000954   0x08000954   0x00000014   Code   RO          333    i.ADC_GetResetCalibrationStatus  stm32f10x_adc.o
    0x08000968   0x08000968   0x00000050   Code   RO          337    i.ADC_Init          stm32f10x_adc.o
    0x080009b8   0x080009b8   0x000000b8   Code   RO          341    i.ADC_RegularChannelConfig  stm32f10x_adc.o
    0x08000a70   0x08000a70   0x0000000a   Code   RO          342    i.ADC_ResetCalibration  stm32f10x_adc.o
    0x08000a7a   0x08000a7a   0x00000016   Code   RO          344    i.ADC_SoftwareStartConvCmd  stm32f10x_adc.o
    0x08000a90   0x08000a90   0x0000000a   Code   RO          346    i.ADC_StartCalibration  stm32f10x_adc.o
    0x08000a9a   0x08000a9a   0x0000001a   Code   RO          137    i.ADC_To_mV         main.o
    0x08000ab4   0x08000ab4   0x00000004   Code   RO          214    i.BusFault_Handler  stm32f10x_it.o
    0x08000ab8   0x08000ab8   0x00000034   Code   RO         3331    i.DMA1_Channel1_IRQHandler  adc+dma.o
    0x08000aec   0x08000aec   0x00000084   Code   RO         3332    i.DMA_ADC_Init      adc+dma.o
    0x08000b70   0x08000b70   0x0000001c   Code   RO         1003    i.DMA_ClearITPendingBit  stm32f10x_dma.o
    0x08000b8c   0x08000b8c   0x00000018   Code   RO         1004    i.DMA_Cmd           stm32f10x_dma.o
    0x08000ba4   0x08000ba4   0x0000014c   Code   RO         1005    i.DMA_DeInit        stm32f10x_dma.o
    0x08000cf0   0x08000cf0   0x0000002c   Code   RO         1008    i.DMA_GetITStatus   stm32f10x_dma.o
    0x08000d1c   0x08000d1c   0x00000012   Code   RO         1009    i.DMA_ITConfig      stm32f10x_dma.o
    0x08000d2e   0x08000d2e   0x0000003c   Code   RO         1010    i.DMA_Init          stm32f10x_dma.o
    0x08000d6a   0x08000d6a   0x00000002   Code   RO          215    i.DebugMon_Handler  stm32f10x_it.o
    0x08000d6c   0x08000d6c   0x00000012   Code   RO         3386    i.EXTI1_IRQHandler  key.o
    0x08000d7e   0x08000d7e   0x00000002   PAD
    0x08000d80   0x08000d80   0x0000000c   Code   RO         1075    i.EXTI_ClearITPendingBit  stm32f10x_exti.o
    0x08000d8c   0x08000d8c   0x00000028   Code   RO         1079    i.EXTI_GetITStatus  stm32f10x_exti.o
    0x08000db4   0x08000db4   0x00000116   Code   RO         1428    i.GPIO_Init         stm32f10x_gpio.o
    0x08000eca   0x08000eca   0x00000004   Code   RO          216    i.HardFault_Handler  stm32f10x_it.o
    0x08000ece   0x08000ece   0x00000002   PAD
    0x08000ed0   0x08000ed0   0x000000fc   Code   RO         3404    i.I2C1_CheckAddr    i2c.o
    0x08000fcc   0x08000fcc   0x0000008c   Code   RO         3405    i.I2C1_Init         i2c.o
    0x08001058   0x08001058   0x0000002a   Code   RO         1539    i.I2C_CheckEvent    stm32f10x_i2c.o
    0x08001082   0x08001082   0x00000018   Code   RO         1542    i.I2C_Cmd           stm32f10x_i2c.o
    0x0800109a   0x0800109a   0x00000002   PAD
    0x0800109c   0x0800109c   0x00000038   Code   RO         1545    i.I2C_DeInit        stm32f10x_i2c.o
    0x080010d4   0x080010d4   0x00000018   Code   RO         1549    i.I2C_GenerateSTART  stm32f10x_i2c.o
    0x080010ec   0x080010ec   0x00000018   Code   RO         1550    i.I2C_GenerateSTOP  stm32f10x_i2c.o
    0x08001104   0x08001104   0x000000ec   Code   RO         1556    i.I2C_Init          stm32f10x_i2c.o
    0x080011f0   0x080011f0   0x00000012   Code   RO         1563    i.I2C_Send7bitAddress  stm32f10x_i2c.o
    0x08001202   0x08001202   0x00000004   Code   RO         1564    i.I2C_SendData      stm32f10x_i2c.o
    0x08001206   0x08001206   0x00000016   Code   RO         1565    i.I2C_SoftwareResetCmd  stm32f10x_i2c.o
    0x0800121c   0x0800121c   0x0000008c   Code   RO         3429    i.I2C_StartAndAddr  oled.o
    0x080012a8   0x080012a8   0x00000014   Code   RO         3430    i.I2C_WaitBTF       oled.o
    0x080012bc   0x080012bc   0x0000001c   Code   RO         3431    i.I2C_WaitFlagSet   oled.o
    0x080012d8   0x080012d8   0x00000024   Code   RO         3432    i.I2C_WaitNotBusy   oled.o
    0x080012fc   0x080012fc   0x00000028   Code   RO         3433    i.I2C_Write1        oled.o
    0x08001324   0x08001324   0x00000088   Code   RO         3434    i.I2C_WriteBlock    oled.o
    0x080013ac   0x080013ac   0x000000a4   Code   RO         3551    i.IC_TIM2_CH1_PA0_Init_1MHz  ic.o
    0x08001450   0x08001450   0x00000038   Code   RO         3552    i.IC_TakeResult     ic.o
    0x08001488   0x08001488   0x00000004   Code   RO          217    i.MemManage_Handler  stm32f10x_it.o
    0x0800148c   0x0800148c   0x00000002   Code   RO          218    i.NMI_Handler       stm32f10x_it.o
    0x0800148e   0x0800148e   0x00000002   PAD
    0x08001490   0x08001490   0x00000070   Code   RO          277    i.NVIC_Init         misc.o
    0x08001500   0x08001500   0x00000014   Code   RO         3435    i.OLED_Clear        oled.o
    0x08001514   0x08001514   0x0000002c   Code   RO          138    i.OLED_ClearNumField  main.o
    0x08001540   0x08001540   0x00000054   Code   RO         3436    i.OLED_DrawPoint    oled.o
    0x08001594   0x08001594   0x000000d8   Code   RO         3437    i.OLED_DrawWave_Adc128  oled.o
    0x0800166c   0x0800166c   0x0000011c   Code   RO         3438    i.OLED_Init         oled.o
    0x08001788   0x08001788   0x00000026   Code   RO         3439    i.OLED_MapAdcToY    oled.o
    0x080017ae   0x080017ae   0x00000026   Code   RO         3440    i.OLED_SetPos       oled.o
    0x080017d4   0x080017d4   0x00000058   Code   RO         3441    i.OLED_ShowChar     oled.o
    0x0800182c   0x0800182c   0x00000024   Code   RO         3442    i.OLED_ShowNum      oled.o
    0x08001850   0x08001850   0x00000034   Code   RO         3444    i.OLED_ShowString   oled.o
    0x08001884   0x08001884   0x00000050   Code   RO          139    i.OLED_StaticUI     main.o
    0x080018d4   0x080018d4   0x00000028   Code   RO         3445    i.OLED_Update       oled.o
    0x080018fc   0x080018fc   0x00000018   Code   RO         3446    i.OLED_WriteCmd     oled.o
    0x08001914   0x08001914   0x0000001c   Code   RO         3447    i.OLED_WriteData    oled.o
    0x08001930   0x08001930   0x00000002   Code   RO          219    i.PendSV_Handler    stm32f10x_it.o
    0x08001932   0x08001932   0x00000002   PAD
    0x08001934   0x08001934   0x00000018   Code   RO         1842    i.RCC_ADCCLKConfig  stm32f10x_rcc.o
    0x0800194c   0x0800194c   0x00000020   Code   RO         1843    i.RCC_AHBPeriphClockCmd  stm32f10x_rcc.o
    0x0800196c   0x0800196c   0x00000020   Code   RO         1844    i.RCC_APB1PeriphClockCmd  stm32f10x_rcc.o
    0x0800198c   0x0800198c   0x00000020   Code   RO         1845    i.RCC_APB1PeriphResetCmd  stm32f10x_rcc.o
    0x080019ac   0x080019ac   0x00000020   Code   RO         1846    i.RCC_APB2PeriphClockCmd  stm32f10x_rcc.o
    0x080019cc   0x080019cc   0x00000020   Code   RO         1847    i.RCC_APB2PeriphResetCmd  stm32f10x_rcc.o
    0x080019ec   0x080019ec   0x000000d4   Code   RO         1854    i.RCC_GetClocksFreq  stm32f10x_rcc.o
    0x08001ac0   0x08001ac0   0x00000002   Code   RO          220    i.SVC_Handler       stm32f10x_it.o
    0x08001ac2   0x08001ac2   0x00000008   Code   RO           17    i.SetSysClock       system_stm32f10x.o
    0x08001aca   0x08001aca   0x00000002   PAD
    0x08001acc   0x08001acc   0x000000e0   Code   RO           18    i.SetSysClockTo72   system_stm32f10x.o
    0x08001bac   0x08001bac   0x00000002   Code   RO          221    i.SysTick_Handler   stm32f10x_it.o
    0x08001bae   0x08001bae   0x00000002   PAD
    0x08001bb0   0x08001bb0   0x00000060   Code   RO           20    i.SystemInit        system_stm32f10x.o
    0x08001c10   0x08001c10   0x00000080   Code   RO         2462    i.TI1_Config        stm32f10x_tim.o
    0x08001c90   0x08001c90   0x00000098   Code   RO         2463    i.TI2_Config        stm32f10x_tim.o
    0x08001d28   0x08001d28   0x00000090   Code   RO         2464    i.TI3_Config        stm32f10x_tim.o
    0x08001db8   0x08001db8   0x00000098   Code   RO         2465    i.TI4_Config        stm32f10x_tim.o
    0x08001e50   0x08001e50   0x000000e8   Code   RO         3553    i.TIM2_IRQHandler   ic.o
    0x08001f38   0x08001f38   0x00000098   Code   RO         3374    i.TIM3_Init         pwm.o
    0x08001fd0   0x08001fd0   0x00000018   Code   RO         2466    i.TIM_ARRPreloadConfig  stm32f10x_tim.o
    0x08001fe8   0x08001fe8   0x00000006   Code   RO         2473    i.TIM_ClearITPendingBit  stm32f10x_tim.o
    0x08001fee   0x08001fee   0x00000018   Code   RO         2478    i.TIM_Cmd           stm32f10x_tim.o
    0x08002006   0x08002006   0x00000006   Code   RO         2493    i.TIM_GetCapture1   stm32f10x_tim.o
    0x0800200c   0x0800200c   0x00000022   Code   RO         2499    i.TIM_GetITStatus   stm32f10x_tim.o
    0x0800202e   0x0800202e   0x00000002   PAD
    0x08002030   0x08002030   0x000000ac   Code   RO         2501    i.TIM_ICInit        stm32f10x_tim.o
    0x080020dc   0x080020dc   0x00000012   Code   RO         2503    i.TIM_ITConfig      stm32f10x_tim.o
    0x080020ee   0x080020ee   0x00000002   PAD
    0x080020f0   0x080020f0   0x00000098   Code   RO         2507    i.TIM_OC1Init       stm32f10x_tim.o
    0x08002188   0x08002188   0x00000012   Code   RO         2509    i.TIM_OC1PolarityConfig  stm32f10x_tim.o
    0x0800219a   0x0800219a   0x00000012   Code   RO         2510    i.TIM_OC1PreloadConfig  stm32f10x_tim.o
    0x080021ac   0x080021ac   0x00000012   Code   RO         2544    i.TIM_SetIC1Prescaler  stm32f10x_tim.o
    0x080021be   0x080021be   0x0000001a   Code   RO         2545    i.TIM_SetIC2Prescaler  stm32f10x_tim.o
    0x080021d8   0x080021d8   0x00000012   Code   RO         2546    i.TIM_SetIC3Prescaler  stm32f10x_tim.o
    0x080021ea   0x080021ea   0x0000001a   Code   RO         2547    i.TIM_SetIC4Prescaler  stm32f10x_tim.o
    0x08002204   0x08002204   0x000000a4   Code   RO         2549    i.TIM_TimeBaseInit  stm32f10x_tim.o
    0x080022a8   0x080022a8   0x0000004c   Code   RO         3273    i.USART1_GPIO_Config  usart.o
    0x080022f4   0x080022f4   0x00000038   Code   RO         3274    i.USART1_Init       usart.o
    0x0800232c   0x0800232c   0x00000018   Code   RO         3014    i.USART_Cmd         stm32f10x_usart.o
    0x08002344   0x08002344   0x0000001a   Code   RO         3017    i.USART_GetFlagStatus  stm32f10x_usart.o
    0x0800235e   0x0800235e   0x00000002   PAD
    0x08002360   0x08002360   0x000000d8   Code   RO         3021    i.USART_Init        stm32f10x_usart.o
    0x08002438   0x08002438   0x00000008   Code   RO         3031    i.USART_SendData    stm32f10x_usart.o
    0x08002440   0x08002440   0x00000004   Code   RO          222    i.UsageFault_Handler  stm32f10x_it.o
    0x08002444   0x08002444   0x0000000e   Code   RO         3635    i._is_digit         c_w.l(__printf_wp.o)
    0x08002452   0x08002452   0x00000006   Code   RO         3278    i._sys_exit         usart.o
    0x08002458   0x08002458   0x00000050   Code   RO         3244    i.delay_init        dealy.o
    0x080024a8   0x080024a8   0x0000006c   Code   RO         3245    i.delay_ms          dealy.o
    0x08002514   0x08002514   0x00000008   Code   RO         3554    i.diff16            ic.o
    0x0800251c   0x0800251c   0x00000024   Code   RO         3279    i.fputc             usart.o
    0x08002540   0x08002540   0x00000270   Code   RO          140    i.main              main.o
    0x080027b0   0x080027b0   0x000000c4   Code   RO         3661    x$fpl$fadd          fz_ws.l(faddsub_clz.o)
    0x08002874   0x08002874   0x00000184   Code   RO         3668    x$fpl$fdiv          fz_ws.l(fdiv.o)
    0x080029f8   0x080029f8   0x0000003e   Code   RO         3671    x$fpl$ffixu         fz_ws.l(ffixu.o)
    0x08002a36   0x08002a36   0x00000002   PAD
    0x08002a38   0x08002a38   0x00000026   Code   RO         3675    x$fpl$ffltu         fz_ws.l(fflt_clz.o)
    0x08002a5e   0x08002a5e   0x00000002   PAD
    0x08002a60   0x08002a60   0x00000102   Code   RO         3681    x$fpl$fmul          fz_ws.l(fmul.o)
    0x08002b62   0x08002b62   0x0000008c   Code   RO         3695    x$fpl$fnaninf       fz_ws.l(fnaninf.o)
    0x08002bee   0x08002bee   0x0000000a   Code   RO         3697    x$fpl$fretinf       fz_ws.l(fretinf.o)
    0x08002bf8   0x08002bf8   0x000000ea   Code   RO         3663    x$fpl$fsub          fz_ws.l(faddsub_clz.o)
    0x08002ce2   0x08002ce2   0x00000000   Code   RO         3699    x$fpl$usenofp       fz_ws.l(usenofp.o)
    0x08002ce2   0x08002ce2   0x00000240   Data   RO         3449    .constdata          oled.o
    0x08002f22   0x08002f22   0x00000028   Data   RO         3608    .constdata          c_w.l(_printf_hex_int.o)
    0x08002f4a   0x08002f4a   0x00000011   Data   RO         3643    .constdata          c_w.l(__printf_flags_ss_wp.o)
    0x08002f5b   0x08002f5b   0x00000001   PAD
    0x08002f5c   0x08002f5c   0x00000020   Data   RO         3854    Region$$Table       anon$$obj.o


    Execution Region RW_IRAM1 (Exec base: 0x20000000, Load base: 0x08002f7c, Size: 0x00000dc0, Max: 0x00005000, ABSOLUTE)

    Exec Addr    Load Addr    Size         Type   Attr      Idx    E Section Name        Object

    0x20000000   0x08002f7c   0x00000014   Data   RW           21    .data               system_stm32f10x.o
    0x20000014   0x08002f90   0x00000014   Data   RW         1874    .data               stm32f10x_rcc.o
    0x20000028   0x08002fa4   0x00000008   Data   RW         3247    .data               dealy.o
    0x20000030   0x08002fac   0x00000008   Data   RW         3280    .data               usart.o
    0x20000038   0x08002fb4   0x00000004   Data   RW         3334    .data               adc+dma.o
    0x2000003c   0x08002fb8   0x00000001   Data   RW         3450    .data               oled.o
    0x2000003d   0x08002fb9   0x00000001   PAD
    0x2000003e   0x08002fba   0x00000007   Data   RW         3556    .data               ic.o
    0x20000045   0x08002fc1   0x00000003   PAD
    0x20000048        -       0x00000100   Zero   RW          141    .bss                main.o
    0x20000148        -       0x00000200   Zero   RW         3333    .bss                adc+dma.o
    0x20000348        -       0x00000400   Zero   RW         3448    .bss                oled.o
    0x20000748        -       0x00000014   Zero   RW         3555    .bss                ic.o
    0x2000075c        -       0x00000060   Zero   RW         3732    .bss                c_w.l(libspace.o)
    0x200007bc   0x08002fc1   0x00000004   PAD
    0x200007c0        -       0x00000200   Zero   RW          131    HEAP                startup_stm32f10x_md.o
    0x200009c0        -       0x00000400   Zero   RW          130    STACK               startup_stm32f10x_md.o


==============================================================================

Image component sizes


      Code (inc. data)   RO Data    RW Data    ZI Data      Debug   Object Name

       414         40          0          4        512       3264   adc+dma.o
         0          0          0          0          0       4532   core_cm3.o
       188         22          0          8          0       1184   dealy.o
       392         76          0          0          0       1193   i2c.o
       460         38          0          7         20       3242   ic.o
        18          0          0          0          0        423   key.o
       774        292          0          0        256     216619   main.o
       112         12          0          0          0       1044   misc.o
      1348        132        576          1       1024      11465   oled.o
       152          8          0          0          0        548   pwm.o
        64         26        236          0       1536        772   startup_stm32f10x_md.o
       482         24          0          0          0       7614   stm32f10x_adc.o
       506         26          0          0          0       4947   stm32f10x_dma.o
        52         12          0          0          0       1048   stm32f10x_exti.o
       278          0          0          0          0       1988   stm32f10x_gpio.o
       450         20          0          0          0       6678   stm32f10x_i2c.o
        26          0          0          0          0       3614   stm32f10x_it.o
       396         56          0         20          0       6419   stm32f10x_rcc.o
      1300        170          0          0          0      11793   stm32f10x_tim.o
       274          6          0          0          0       3916   stm32f10x_usart.o
       328         28          0         20          0      63217   system_stm32f10x.o
       174         14          0          8          0       3736   usart.o

    ----------------------------------------------------------------------
      8210       1002        844         72       3348     359256   Object Totals
         0          0         32          0          0          0   (incl. Generated)
        22          0          0          4          0          0   (incl. Padding)

    ----------------------------------------------------------------------

      Code (inc. data)   RO Data    RW Data    ZI Data      Debug   Library Member Name

         8          0          0          0          0         68   __main.o
       392          4         17          0          0         92   __printf_flags_ss_wp.o
        14          0          0          0          0         68   __printf_wp.o
         0          0          0          0          0          0   __rtentry.o
        12          0          0          0          0          0   __rtentry2.o
         6          0          0          0          0          0   __rtentry4.o
        52          8          0          0          0          0   __scatter.o
        26          0          0          0          0          0   __scatter_copy.o
        28          0          0          0          0          0   __scatter_zi.o
        48          6          0          0          0         96   _printf_char_common.o
        36          4          0          0          0         80   _printf_char_file.o
         6          0          0          0          0          0   _printf_d.o
       120         16          0          0          0         92   _printf_dec.o
        88          4         40          0          0         88   _printf_hex_int.o
       178          0          0          0          0         88   _printf_intcommon.o
        78          0          0          0          0        108   _printf_pad.o
         0          0          0          0          0          0   _printf_percent.o
         4          0          0          0          0          0   _printf_percent_end.o
         6          0          0          0          0          0   _printf_u.o
         6          0          0          0          0          0   _printf_x.o
        10          0          0          0          0         68   _sputc.o
        18          0          0          0          0         80   exit.o
         8          0          0          0          0         68   ferror.o
         6          0          0          0          0        152   heapauxi.o
         2          0          0          0          0          0   libinit.o
         2          0          0          0          0          0   libinit2.o
         2          0          0          0          0          0   libshutdown.o
         2          0          0          0          0          0   libshutdown2.o
         8          4          0          0         96         68   libspace.o
        24          4          0          0          0         84   noretval__2printf.o
        40          6          0          0          0         84   noretval__2sprintf.o
        68          0          0          0          0         68   rt_memclr.o
        78          0          0          0          0         80   rt_memclr_w.o
       138          0          0          0          0         68   rt_memcpy_v6.o
       100          0          0          0          0         80   rt_memcpy_w.o
         2          0          0          0          0          0   rtexit.o
        10          0          0          0          0          0   rtexit2.o
        74          0          0          0          0         80   sys_stackheap_outer.o
         2          0          0          0          0         68   use_no_semi.o
         2          0          0          0          0         68   use_no_semi_2.o
       430          8          0          0          0        168   faddsub_clz.o
       388         76          0          0          0         96   fdiv.o
        62          4          0          0          0         84   ffixu.o
        38          0          0          0          0         68   fflt_clz.o
       258          4          0          0          0         84   fmul.o
       140          4          0          0          0         84   fnaninf.o
        10          0          0          0          0         68   fretinf.o
         0          0          0          0          0          0   usenofp.o

    ----------------------------------------------------------------------
      3044        152         58          0        100       2548   Library Totals
        14          0          1          0          4          0   (incl. Padding)

    ----------------------------------------------------------------------

      Code (inc. data)   RO Data    RW Data    ZI Data      Debug   Library Name

      1704         56         57          0         96       1896   c_w.l
      1326         96          0          0          0        652   fz_ws.l

    ----------------------------------------------------------------------
      3044        152         58          0        100       2548   Library Totals

    ----------------------------------------------------------------------

==============================================================================


      Code (inc. data)   RO Data    RW Data    ZI Data      Debug   

     11254       1154        902         72       3448     354832   Grand Totals
     11254       1154        902         72       3448     354832   ELF Image Totals
     11254       1154        902         72          0          0   ROM Totals

==============================================================================

    Total RO  Size (Code + RO Data)                12156 (  11.87kB)
    Total RW  Size (RW Data + ZI Data)              3520 (   3.44kB)
    Total ROM Size (Code + RO Data + RW Data)      12228 (  11.94kB)

==============================================================================

